[    0.000000] Linux version 5.15.0-78-generic (buildd@lcy02-amd64-027) (gcc (Ubuntu 9.4.0-1ubuntu1~20.04.1) 9.4.0, GNU ld (GNU Binutils for Ubuntu) 2.34) #85~20.04.1-Ubuntu SMP Mon Jul 17 09:42:39 UTC 2023 (Ubuntu 5.15.0-78.85~20.04.1-generic 5.15.99)
[    0.000000] Command line: BOOT_IMAGE=/boot/vmlinuz-5.15.0-78-generic root=UUID=55911e94-4ab8-478f-b3e8-370e8fd84030 ro quiet splash
[    0.000000] KERNEL supported cpus:
[    0.000000]   Intel GenuineIntel
[    0.000000]   AMD AuthenticAMD
[    0.000000]   Hygon HygonGenuine
[    0.000000]   Centaur CentaurHauls
[    0.000000]   zhaoxin   Shanghai  
[    0.000000] Disabled fast string operations
[    0.000000] x86/fpu: Supporting XSAVE feature 0x001: 'x87 floating point registers'
[    0.000000] x86/fpu: Supporting XSAVE feature 0x002: 'SSE registers'
[    0.000000] x86/fpu: Supporting XSAVE feature 0x004: 'AVX registers'
[    0.000000] x86/fpu: Supporting XSAVE feature 0x008: 'MPX bounds registers'
[    0.000000] x86/fpu: Supporting XSAVE feature 0x010: 'MPX CSR'
[    0.000000] x86/fpu: xstate_offset[2]:  576, xstate_sizes[2]:  256
[    0.000000] x86/fpu: xstate_offset[3]:  832, xstate_sizes[3]:   64
[    0.000000] x86/fpu: xstate_offset[4]:  896, xstate_sizes[4]:   64
[    0.000000] x86/fpu: Enabled xstate features 0x1f, context size is 960 bytes, using 'compacted' format.
[    0.000000] signal: max sigframe size: 2032
[    0.000000] BIOS-provided physical RAM map:
[    0.000000] BIOS-e820: [mem 0x0000000000000000-0x000000000009e7ff] usable
[    0.000000] BIOS-e820: [mem 0x000000000009e800-0x000000000009ffff] reserved
[    0.000000] BIOS-e820: [mem 0x00000000000dc000-0x00000000000fffff] reserved
[    0.000000] BIOS-e820: [mem 0x0000000000100000-0x00000000bfecffff] usable
[    0.000000] BIOS-e820: [mem 0x00000000bfed0000-0x00000000bfefefff] ACPI data
[    0.000000] BIOS-e820: [mem 0x00000000bfeff000-0x00000000bfefffff] ACPI NVS
[    0.000000] BIOS-e820: [mem 0x00000000bff00000-0x00000000bfffffff] usable
[    0.000000] BIOS-e820: [mem 0x00000000f0000000-0x00000000f7ffffff] reserved
[    0.000000] BIOS-e820: [mem 0x00000000fec00000-0x00000000fec0ffff] reserved
[    0.000000] BIOS-e820: [mem 0x00000000fee00000-0x00000000fee00fff] reserved
[    0.000000] BIOS-e820: [mem 0x00000000fffe0000-0x00000000ffffffff] reserved
[    0.000000] BIOS-e820: [mem 0x0000000100000000-0x000000013fffffff] usable
[    0.000000] NX (Execute Disable) protection: active
[    0.000000] SMBIOS 2.7 present.
[    0.000000] DMI: VMware, Inc. VMware Virtual Platform/440BX Desktop Reference Platform, BIOS 6.00 05/19/2017
[    0.000000] vmware: hypercall mode: 0x00
[    0.000000] Hypervisor detected: VMware
[    0.000000] vmware: TSC freq read from hypervisor : 2207.998 MHz
[    0.000000] vmware: Host bus clock speed read from hypervisor : 66000000 Hz
[    0.000000] vmware: using clock offset of 16536365161 ns
[    0.000017] tsc: Detected 2207.998 MHz processor
[    0.001477] e820: update [mem 0x00000000-0x00000fff] usable ==> reserved
[    0.001480] e820: remove [mem 0x000a0000-0x000fffff] usable
[    0.001487] last_pfn = 0x140000 max_arch_pfn = 0x400000000
[    0.001511] x86/PAT: Configuration [0-7]: WB  WC  UC- UC  WB  WP  UC- WT  
[    0.001522] total RAM covered: 130048M
[    0.001611] Found optimal setting for mtrr clean up
[    0.001611]  gran_size: 64K 	chunk_size: 64K 	num_reg: 7  	lose cover RAM: 0G
[    0.001660] e820: update [mem 0xc0000000-0xffffffff] usable ==> reserved
[    0.001668] last_pfn = 0xc0000 max_arch_pfn = 0x400000000
[    0.009423] found SMP MP-table at [mem 0x000f6a80-0x000f6a8f]
[    0.009464] Using GB pages for direct mapping
[    0.009777] RAMDISK: [mem 0x2fb87000-0x33dbafff]
[    0.009784] ACPI: Early table checksum verification disabled
[    0.009788] ACPI: RSDP 0x00000000000F6A10 000024 (v02 PTLTD )
[    0.009793] ACPI: XSDT 0x00000000BFEDD633 00005C (v01 INTEL  440BX    06040000 VMW  01324272)
[    0.009799] ACPI: FACP 0x00000000BFEFEE73 0000F4 (v04 INTEL  440BX    06040000 PTL  000F4240)
[    0.009804] ACPI: DSDT 0x00000000BFEDEB22 020351 (v01 PTLTD  Custom   06040000 MSFT 03000001)
[    0.009812] ACPI: FACS 0x00000000BFEFFFC0 000040
[    0.009815] ACPI: FACS 0x00000000BFEFFFC0 000040
[    0.009818] ACPI: BOOT 0x00000000BFEDEAFA 000028 (v01 PTLTD  $SBFTBL$ 06040000  LTP 00000001)
[    0.009822] ACPI: APIC 0x00000000BFEDE3B8 000742 (v01 PTLTD  ? APIC   06040000  LTP 00000000)
[    0.009826] ACPI: MCFG 0x00000000BFEDE37C 00003C (v01 PTLTD  $PCITBL$ 06040000  LTP 00000001)
[    0.009829] ACPI: SRAT 0x00000000BFEDD72F 0008D0 (v02 VMWARE MEMPLUG  06040000 VMW  00000001)
[    0.009833] ACPI: HPET 0x00000000BFEDD6F7 000038 (v01 VMWARE VMW HPET 06040000 VMW  00000001)
[    0.009836] ACPI: WAET 0x00000000BFEDD6CF 000028 (v01 VMWARE VMW WAET 06040000 VMW  00000001)
[    0.009839] ACPI: Reserving FACP table memory at [mem 0xbfefee73-0xbfefef66]
[    0.009840] ACPI: Reserving DSDT table memory at [mem 0xbfedeb22-0xbfefee72]
[    0.009842] ACPI: Reserving FACS table memory at [mem 0xbfefffc0-0xbfefffff]
[    0.009842] ACPI: Reserving FACS table memory at [mem 0xbfefffc0-0xbfefffff]
[    0.009843] ACPI: Reserving BOOT table memory at [mem 0xbfedeafa-0xbfedeb21]
[    0.009844] ACPI: Reserving APIC table memory at [mem 0xbfede3b8-0xbfedeaf9]
[    0.009844] ACPI: Reserving MCFG table memory at [mem 0xbfede37c-0xbfede3b7]
[    0.009845] ACPI: Reserving SRAT table memory at [mem 0xbfedd72f-0xbfeddffe]
[    0.009846] ACPI: Reserving HPET table memory at [mem 0xbfedd6f7-0xbfedd72e]
[    0.009847] ACPI: Reserving WAET table memory at [mem 0xbfedd6cf-0xbfedd6f6]
[    0.009891] system APIC only can use physical flat
[    0.009892] Setting APIC routing to physical flat.
[    0.009973] SRAT: PXM 0 -> APIC 0x00 -> Node 0
[    0.009975] SRAT: PXM 0 -> APIC 0x02 -> Node 0
[    0.009976] SRAT: PXM 0 -> APIC 0x04 -> Node 0
[    0.009976] SRAT: PXM 0 -> APIC 0x06 -> Node 0
[    0.009977] SRAT: PXM 0 -> APIC 0x08 -> Node 0
[    0.009977] SRAT: PXM 0 -> APIC 0x0a -> Node 0
[    0.009978] SRAT: PXM 0 -> APIC 0x0c -> Node 0
[    0.009979] SRAT: PXM 0 -> APIC 0x0e -> Node 0
[    0.009979] SRAT: PXM 0 -> APIC 0x10 -> Node 0
[    0.009980] SRAT: PXM 0 -> APIC 0x12 -> Node 0
[    0.009981] SRAT: PXM 0 -> APIC 0x14 -> Node 0
[    0.009981] SRAT: PXM 0 -> APIC 0x16 -> Node 0
[    0.009982] SRAT: PXM 0 -> APIC 0x18 -> Node 0
[    0.009982] SRAT: PXM 0 -> APIC 0x1a -> Node 0
[    0.009983] SRAT: PXM 0 -> APIC 0x1c -> Node 0
[    0.009984] SRAT: PXM 0 -> APIC 0x1e -> Node 0
[    0.009984] SRAT: PXM 0 -> APIC 0x20 -> Node 0
[    0.009985] SRAT: PXM 0 -> APIC 0x22 -> Node 0
[    0.009986] SRAT: PXM 0 -> APIC 0x24 -> Node 0
[    0.009986] SRAT: PXM 0 -> APIC 0x26 -> Node 0
[    0.009987] SRAT: PXM 0 -> APIC 0x28 -> Node 0
[    0.009987] SRAT: PXM 0 -> APIC 0x2a -> Node 0
[    0.009988] SRAT: PXM 0 -> APIC 0x2c -> Node 0
[    0.009989] SRAT: PXM 0 -> APIC 0x2e -> Node 0
[    0.009989] SRAT: PXM 0 -> APIC 0x30 -> Node 0
[    0.009990] SRAT: PXM 0 -> APIC 0x32 -> Node 0
[    0.009990] SRAT: PXM 0 -> APIC 0x34 -> Node 0
[    0.009991] SRAT: PXM 0 -> APIC 0x36 -> Node 0
[    0.009992] SRAT: PXM 0 -> APIC 0x38 -> Node 0
[    0.009992] SRAT: PXM 0 -> APIC 0x3a -> Node 0
[    0.009993] SRAT: PXM 0 -> APIC 0x3c -> Node 0
[    0.009993] SRAT: PXM 0 -> APIC 0x3e -> Node 0
[    0.009994] SRAT: PXM 0 -> APIC 0x40 -> Node 0
[    0.009995] SRAT: PXM 0 -> APIC 0x42 -> Node 0
[    0.009995] SRAT: PXM 0 -> APIC 0x44 -> Node 0
[    0.009996] SRAT: PXM 0 -> APIC 0x46 -> Node 0
[    0.009996] SRAT: PXM 0 -> APIC 0x48 -> Node 0
[    0.009997] SRAT: PXM 0 -> APIC 0x4a -> Node 0
[    0.009998] SRAT: PXM 0 -> APIC 0x4c -> Node 0
[    0.009998] SRAT: PXM 0 -> APIC 0x4e -> Node 0
[    0.009999] SRAT: PXM 0 -> APIC 0x50 -> Node 0
[    0.009999] SRAT: PXM 0 -> APIC 0x52 -> Node 0
[    0.010000] SRAT: PXM 0 -> APIC 0x54 -> Node 0
[    0.010001] SRAT: PXM 0 -> APIC 0x56 -> Node 0
[    0.010001] SRAT: PXM 0 -> APIC 0x58 -> Node 0
[    0.010002] SRAT: PXM 0 -> APIC 0x5a -> Node 0
[    0.010002] SRAT: PXM 0 -> APIC 0x5c -> Node 0
[    0.010003] SRAT: PXM 0 -> APIC 0x5e -> Node 0
[    0.010004] SRAT: PXM 0 -> APIC 0x60 -> Node 0
[    0.010004] SRAT: PXM 0 -> APIC 0x62 -> Node 0
[    0.010005] SRAT: PXM 0 -> APIC 0x64 -> Node 0
[    0.010005] SRAT: PXM 0 -> APIC 0x66 -> Node 0
[    0.010006] SRAT: PXM 0 -> APIC 0x68 -> Node 0
[    0.010007] SRAT: PXM 0 -> APIC 0x6a -> Node 0
[    0.010007] SRAT: PXM 0 -> APIC 0x6c -> Node 0
[    0.010008] SRAT: PXM 0 -> APIC 0x6e -> Node 0
[    0.010009] SRAT: PXM 0 -> APIC 0x70 -> Node 0
[    0.010009] SRAT: PXM 0 -> APIC 0x72 -> Node 0
[    0.010010] SRAT: PXM 0 -> APIC 0x74 -> Node 0
[    0.010010] SRAT: PXM 0 -> APIC 0x76 -> Node 0
[    0.010011] SRAT: PXM 0 -> APIC 0x78 -> Node 0
[    0.010012] SRAT: PXM 0 -> APIC 0x7a -> Node 0
[    0.010012] SRAT: PXM 0 -> APIC 0x7c -> Node 0
[    0.010013] SRAT: PXM 0 -> APIC 0x7e -> Node 0
[    0.010013] SRAT: PXM 0 -> APIC 0x80 -> Node 0
[    0.010014] SRAT: PXM 0 -> APIC 0x82 -> Node 0
[    0.010015] SRAT: PXM 0 -> APIC 0x84 -> Node 0
[    0.010015] SRAT: PXM 0 -> APIC 0x86 -> Node 0
[    0.010016] SRAT: PXM 0 -> APIC 0x88 -> Node 0
[    0.010016] SRAT: PXM 0 -> APIC 0x8a -> Node 0
[    0.010017] SRAT: PXM 0 -> APIC 0x8c -> Node 0
[    0.010018] SRAT: PXM 0 -> APIC 0x8e -> Node 0
[    0.010018] SRAT: PXM 0 -> APIC 0x90 -> Node 0
[    0.010019] SRAT: PXM 0 -> APIC 0x92 -> Node 0
[    0.010019] SRAT: PXM 0 -> APIC 0x94 -> Node 0
[    0.010020] SRAT: PXM 0 -> APIC 0x96 -> Node 0
[    0.010021] SRAT: PXM 0 -> APIC 0x98 -> Node 0
[    0.010021] SRAT: PXM 0 -> APIC 0x9a -> Node 0
[    0.010022] SRAT: PXM 0 -> APIC 0x9c -> Node 0
[    0.010022] SRAT: PXM 0 -> APIC 0x9e -> Node 0
[    0.010023] SRAT: PXM 0 -> APIC 0xa0 -> Node 0
[    0.010024] SRAT: PXM 0 -> APIC 0xa2 -> Node 0
[    0.010024] SRAT: PXM 0 -> APIC 0xa4 -> Node 0
[    0.010025] SRAT: PXM 0 -> APIC 0xa6 -> Node 0
[    0.010025] SRAT: PXM 0 -> APIC 0xa8 -> Node 0
[    0.010026] SRAT: PXM 0 -> APIC 0xaa -> Node 0
[    0.010027] SRAT: PXM 0 -> APIC 0xac -> Node 0
[    0.010027] SRAT: PXM 0 -> APIC 0xae -> Node 0
[    0.010028] SRAT: PXM 0 -> APIC 0xb0 -> Node 0
[    0.010028] SRAT: PXM 0 -> APIC 0xb2 -> Node 0
[    0.010029] SRAT: PXM 0 -> APIC 0xb4 -> Node 0
[    0.010030] SRAT: PXM 0 -> APIC 0xb6 -> Node 0
[    0.010030] SRAT: PXM 0 -> APIC 0xb8 -> Node 0
[    0.010031] SRAT: PXM 0 -> APIC 0xba -> Node 0
[    0.010032] SRAT: PXM 0 -> APIC 0xbc -> Node 0
[    0.010032] SRAT: PXM 0 -> APIC 0xbe -> Node 0
[    0.010033] SRAT: PXM 0 -> APIC 0xc0 -> Node 0
[    0.010033] SRAT: PXM 0 -> APIC 0xc2 -> Node 0
[    0.010034] SRAT: PXM 0 -> APIC 0xc4 -> Node 0
[    0.010035] SRAT: PXM 0 -> APIC 0xc6 -> Node 0
[    0.010035] SRAT: PXM 0 -> APIC 0xc8 -> Node 0
[    0.010036] SRAT: PXM 0 -> APIC 0xca -> Node 0
[    0.010036] SRAT: PXM 0 -> APIC 0xcc -> Node 0
[    0.010037] SRAT: PXM 0 -> APIC 0xce -> Node 0
[    0.010038] SRAT: PXM 0 -> APIC 0xd0 -> Node 0
[    0.010038] SRAT: PXM 0 -> APIC 0xd2 -> Node 0
[    0.010039] SRAT: PXM 0 -> APIC 0xd4 -> Node 0
[    0.010039] SRAT: PXM 0 -> APIC 0xd6 -> Node 0
[    0.010040] SRAT: PXM 0 -> APIC 0xd8 -> Node 0
[    0.010041] SRAT: PXM 0 -> APIC 0xda -> Node 0
[    0.010041] SRAT: PXM 0 -> APIC 0xdc -> Node 0
[    0.010042] SRAT: PXM 0 -> APIC 0xde -> Node 0
[    0.010042] SRAT: PXM 0 -> APIC 0xe0 -> Node 0
[    0.010043] SRAT: PXM 0 -> APIC 0xe2 -> Node 0
[    0.010044] SRAT: PXM 0 -> APIC 0xe4 -> Node 0
[    0.010044] SRAT: PXM 0 -> APIC 0xe6 -> Node 0
[    0.010045] SRAT: PXM 0 -> APIC 0xe8 -> Node 0
[    0.010045] SRAT: PXM 0 -> APIC 0xea -> Node 0
[    0.010046] SRAT: PXM 0 -> APIC 0xec -> Node 0
[    0.010047] SRAT: PXM 0 -> APIC 0xee -> Node 0
[    0.010047] SRAT: PXM 0 -> APIC 0xf0 -> Node 0
[    0.010048] SRAT: PXM 0 -> APIC 0xf2 -> Node 0
[    0.010048] SRAT: PXM 0 -> APIC 0xf4 -> Node 0
[    0.010049] SRAT: PXM 0 -> APIC 0xf6 -> Node 0
[    0.010050] SRAT: PXM 0 -> APIC 0xf8 -> Node 0
[    0.010050] SRAT: PXM 0 -> APIC 0xfa -> Node 0
[    0.010051] SRAT: PXM 0 -> APIC 0xfc -> Node 0
[    0.010052] SRAT: PXM 0 -> APIC 0xfe -> Node 0
[    0.010054] ACPI: SRAT: Node 0 PXM 0 [mem 0x00000000-0x0009ffff]
[    0.010056] ACPI: SRAT: Node 0 PXM 0 [mem 0x00100000-0xbfffffff]
[    0.010058] ACPI: SRAT: Node 0 PXM 0 [mem 0x100000000-0x13fffffff]
[    0.010059] ACPI: SRAT: Node 0 PXM 0 [mem 0x140000000-0x103fffffff] hotplug
[    0.010061] NUMA: Node 0 [mem 0x00000000-0x0009ffff] + [mem 0x00100000-0xbfffffff] -> [mem 0x00000000-0xbfffffff]
[    0.010063] NUMA: Node 0 [mem 0x00000000-0xbfffffff] + [mem 0x100000000-0x13fffffff] -> [mem 0x00000000-0x13fffffff]
[    0.010069] NODE_DATA(0) allocated [mem 0x13ffd4000-0x13fffdfff]
[    0.011332] Zone ranges:
[    0.011336]   DMA      [mem 0x0000000000001000-0x0000000000ffffff]
[    0.011340]   DMA32    [mem 0x0000000001000000-0x00000000ffffffff]
[    0.011341]   Normal   [mem 0x0000000100000000-0x000000013fffffff]
[    0.011342]   Device   empty
[    0.011344] Movable zone start for each node
[    0.011346] Early memory node ranges
[    0.011346]   node   0: [mem 0x0000000000001000-0x000000000009dfff]
[    0.011348]   node   0: [mem 0x0000000000100000-0x00000000bfecffff]
[    0.011349]   node   0: [mem 0x00000000bff00000-0x00000000bfffffff]
[    0.011350]   node   0: [mem 0x0000000100000000-0x000000013fffffff]
[    0.011351] Initmem setup node 0 [mem 0x0000000000001000-0x000000013fffffff]
[    0.011442] On node 0, zone DMA: 1 pages in unavailable ranges
[    0.012608] On node 0, zone DMA: 98 pages in unavailable ranges
[    0.204417] On node 0, zone DMA32: 48 pages in unavailable ranges
[    0.281636] ACPI: PM-Timer IO Port: 0x1008
[    0.281644] system APIC only can use physical flat
[    0.281656] ACPI: LAPIC_NMI (acpi_id[0x00] high edge lint[0x1])
[    0.281658] ACPI: LAPIC_NMI (acpi_id[0x01] high edge lint[0x1])
[    0.281659] ACPI: LAPIC_NMI (acpi_id[0x02] high edge lint[0x1])
[    0.281659] ACPI: LAPIC_NMI (acpi_id[0x03] high edge lint[0x1])
[    0.281660] ACPI: LAPIC_NMI (acpi_id[0x04] high edge lint[0x1])
[    0.281661] ACPI: LAPIC_NMI (acpi_id[0x05] high edge lint[0x1])
[    0.281661] ACPI: LAPIC_NMI (acpi_id[0x06] high edge lint[0x1])
[    0.281662] ACPI: LAPIC_NMI (acpi_id[0x07] high edge lint[0x1])
[    0.281663] ACPI: LAPIC_NMI (acpi_id[0x08] high edge lint[0x1])
[    0.281663] ACPI: LAPIC_NMI (acpi_id[0x09] high edge lint[0x1])
[    0.281664] ACPI: LAPIC_NMI (acpi_id[0x0a] high edge lint[0x1])
[    0.281665] ACPI: LAPIC_NMI (acpi_id[0x0b] high edge lint[0x1])
[    0.281665] ACPI: LAPIC_NMI (acpi_id[0x0c] high edge lint[0x1])
[    0.281666] ACPI: LAPIC_NMI (acpi_id[0x0d] high edge lint[0x1])
[    0.281666] ACPI: LAPIC_NMI (acpi_id[0x0e] high edge lint[0x1])
[    0.281667] ACPI: LAPIC_NMI (acpi_id[0x0f] high edge lint[0x1])
[    0.281668] ACPI: LAPIC_NMI (acpi_id[0x10] high edge lint[0x1])
[    0.281668] ACPI: LAPIC_NMI (acpi_id[0x11] high edge lint[0x1])
[    0.281669] ACPI: LAPIC_NMI (acpi_id[0x12] high edge lint[0x1])
[    0.281670] ACPI: LAPIC_NMI (acpi_id[0x13] high edge lint[0x1])
[    0.281670] ACPI: LAPIC_NMI (acpi_id[0x14] high edge lint[0x1])
[    0.281671] ACPI: LAPIC_NMI (acpi_id[0x15] high edge lint[0x1])
[    0.281672] ACPI: LAPIC_NMI (acpi_id[0x16] high edge lint[0x1])
[    0.281672] ACPI: LAPIC_NMI (acpi_id[0x17] high edge lint[0x1])
[    0.281673] ACPI: LAPIC_NMI (acpi_id[0x18] high edge lint[0x1])
[    0.281674] ACPI: LAPIC_NMI (acpi_id[0x19] high edge lint[0x1])
[    0.281674] ACPI: LAPIC_NMI (acpi_id[0x1a] high edge lint[0x1])
[    0.281675] ACPI: LAPIC_NMI (acpi_id[0x1b] high edge lint[0x1])
[    0.281676] ACPI: LAPIC_NMI (acpi_id[0x1c] high edge lint[0x1])
[    0.281676] ACPI: LAPIC_NMI (acpi_id[0x1d] high edge lint[0x1])
[    0.281677] ACPI: LAPIC_NMI (acpi_id[0x1e] high edge lint[0x1])
[    0.281677] ACPI: LAPIC_NMI (acpi_id[0x1f] high edge lint[0x1])
[    0.281678] ACPI: LAPIC_NMI (acpi_id[0x20] high edge lint[0x1])
[    0.281679] ACPI: LAPIC_NMI (acpi_id[0x21] high edge lint[0x1])
[    0.281679] ACPI: LAPIC_NMI (acpi_id[0x22] high edge lint[0x1])
[    0.281680] ACPI: LAPIC_NMI (acpi_id[0x23] high edge lint[0x1])
[    0.281681] ACPI: LAPIC_NMI (acpi_id[0x24] high edge lint[0x1])
[    0.281681] ACPI: LAPIC_NMI (acpi_id[0x25] high edge lint[0x1])
[    0.281682] ACPI: LAPIC_NMI (acpi_id[0x26] high edge lint[0x1])
[    0.281683] ACPI: LAPIC_NMI (acpi_id[0x27] high edge lint[0x1])
[    0.281683] ACPI: LAPIC_NMI (acpi_id[0x28] high edge lint[0x1])
[    0.281684] ACPI: LAPIC_NMI (acpi_id[0x29] high edge lint[0x1])
[    0.281685] ACPI: LAPIC_NMI (acpi_id[0x2a] high edge lint[0x1])
[    0.281685] ACPI: LAPIC_NMI (acpi_id[0x2b] high edge lint[0x1])
[    0.281686] ACPI: LAPIC_NMI (acpi_id[0x2c] high edge lint[0x1])
[    0.281686] ACPI: LAPIC_NMI (acpi_id[0x2d] high edge lint[0x1])
[    0.281687] ACPI: LAPIC_NMI (acpi_id[0x2e] high edge lint[0x1])
[    0.281688] ACPI: LAPIC_NMI (acpi_id[0x2f] high edge lint[0x1])
[    0.281688] ACPI: LAPIC_NMI (acpi_id[0x30] high edge lint[0x1])
[    0.281689] ACPI: LAPIC_NMI (acpi_id[0x31] high edge lint[0x1])
[    0.281690] ACPI: LAPIC_NMI (acpi_id[0x32] high edge lint[0x1])
[    0.281690] ACPI: LAPIC_NMI (acpi_id[0x33] high edge lint[0x1])
[    0.281691] ACPI: LAPIC_NMI (acpi_id[0x34] high edge lint[0x1])
[    0.281692] ACPI: LAPIC_NMI (acpi_id[0x35] high edge lint[0x1])
[    0.281692] ACPI: LAPIC_NMI (acpi_id[0x36] high edge lint[0x1])
[    0.281693] ACPI: LAPIC_NMI (acpi_id[0x37] high edge lint[0x1])
[    0.281693] ACPI: LAPIC_NMI (acpi_id[0x38] high edge lint[0x1])
[    0.281694] ACPI: LAPIC_NMI (acpi_id[0x39] high edge lint[0x1])
[    0.281695] ACPI: LAPIC_NMI (acpi_id[0x3a] high edge lint[0x1])
[    0.281695] ACPI: LAPIC_NMI (acpi_id[0x3b] high edge lint[0x1])
[    0.281696] ACPI: LAPIC_NMI (acpi_id[0x3c] high edge lint[0x1])
[    0.281697] ACPI: LAPIC_NMI (acpi_id[0x3d] high edge lint[0x1])
[    0.281697] ACPI: LAPIC_NMI (acpi_id[0x3e] high edge lint[0x1])
[    0.281698] ACPI: LAPIC_NMI (acpi_id[0x3f] high edge lint[0x1])
[    0.281699] ACPI: LAPIC_NMI (acpi_id[0x40] high edge lint[0x1])
[    0.281699] ACPI: LAPIC_NMI (acpi_id[0x41] high edge lint[0x1])
[    0.281700] ACPI: LAPIC_NMI (acpi_id[0x42] high edge lint[0x1])
[    0.281701] ACPI: LAPIC_NMI (acpi_id[0x43] high edge lint[0x1])
[    0.281701] ACPI: LAPIC_NMI (acpi_id[0x44] high edge lint[0x1])
[    0.281702] ACPI: LAPIC_NMI (acpi_id[0x45] high edge lint[0x1])
[    0.281702] ACPI: LAPIC_NMI (acpi_id[0x46] high edge lint[0x1])
[    0.281703] ACPI: LAPIC_NMI (acpi_id[0x47] high edge lint[0x1])
[    0.281704] ACPI: LAPIC_NMI (acpi_id[0x48] high edge lint[0x1])
[    0.281704] ACPI: LAPIC_NMI (acpi_id[0x49] high edge lint[0x1])
[    0.281705] ACPI: LAPIC_NMI (acpi_id[0x4a] high edge lint[0x1])
[    0.281706] ACPI: LAPIC_NMI (acpi_id[0x4b] high edge lint[0x1])
[    0.281706] ACPI: LAPIC_NMI (acpi_id[0x4c] high edge lint[0x1])
[    0.281707] ACPI: LAPIC_NMI (acpi_id[0x4d] high edge lint[0x1])
[    0.281708] ACPI: LAPIC_NMI (acpi_id[0x4e] high edge lint[0x1])
[    0.281708] ACPI: LAPIC_NMI (acpi_id[0x4f] high edge lint[0x1])
[    0.281709] ACPI: LAPIC_NMI (acpi_id[0x50] high edge lint[0x1])
[    0.281710] ACPI: LAPIC_NMI (acpi_id[0x51] high edge lint[0x1])
[    0.281710] ACPI: LAPIC_NMI (acpi_id[0x52] high edge lint[0x1])
[    0.281711] ACPI: LAPIC_NMI (acpi_id[0x53] high edge lint[0x1])
[    0.281712] ACPI: LAPIC_NMI (acpi_id[0x54] high edge lint[0x1])
[    0.281712] ACPI: LAPIC_NMI (acpi_id[0x55] high edge lint[0x1])
[    0.281713] ACPI: LAPIC_NMI (acpi_id[0x56] high edge lint[0x1])
[    0.281714] ACPI: LAPIC_NMI (acpi_id[0x57] high edge lint[0x1])
[    0.281714] ACPI: LAPIC_NMI (acpi_id[0x58] high edge lint[0x1])
[    0.281715] ACPI: LAPIC_NMI (acpi_id[0x59] high edge lint[0x1])
[    0.281716] ACPI: LAPIC_NMI (acpi_id[0x5a] high edge lint[0x1])
[    0.281716] ACPI: LAPIC_NMI (acpi_id[0x5b] high edge lint[0x1])
[    0.281717] ACPI: LAPIC_NMI (acpi_id[0x5c] high edge lint[0x1])
[    0.281717] ACPI: LAPIC_NMI (acpi_id[0x5d] high edge lint[0x1])
[    0.281718] ACPI: LAPIC_NMI (acpi_id[0x5e] high edge lint[0x1])
[    0.281719] ACPI: LAPIC_NMI (acpi_id[0x5f] high edge lint[0x1])
[    0.281719] ACPI: LAPIC_NMI (acpi_id[0x60] high edge lint[0x1])
[    0.281720] ACPI: LAPIC_NMI (acpi_id[0x61] high edge lint[0x1])
[    0.281721] ACPI: LAPIC_NMI (acpi_id[0x62] high edge lint[0x1])
[    0.281721] ACPI: LAPIC_NMI (acpi_id[0x63] high edge lint[0x1])
[    0.281722] ACPI: LAPIC_NMI (acpi_id[0x64] high edge lint[0x1])
[    0.281723] ACPI: LAPIC_NMI (acpi_id[0x65] high edge lint[0x1])
[    0.281723] ACPI: LAPIC_NMI (acpi_id[0x66] high edge lint[0x1])
[    0.281724] ACPI: LAPIC_NMI (acpi_id[0x67] high edge lint[0x1])
[    0.281724] ACPI: LAPIC_NMI (acpi_id[0x68] high edge lint[0x1])
[    0.281725] ACPI: LAPIC_NMI (acpi_id[0x69] high edge lint[0x1])
[    0.281726] ACPI: LAPIC_NMI (acpi_id[0x6a] high edge lint[0x1])
[    0.281726] ACPI: LAPIC_NMI (acpi_id[0x6b] high edge lint[0x1])
[    0.281727] ACPI: LAPIC_NMI (acpi_id[0x6c] high edge lint[0x1])
[    0.281728] ACPI: LAPIC_NMI (acpi_id[0x6d] high edge lint[0x1])
[    0.281728] ACPI: LAPIC_NMI (acpi_id[0x6e] high edge lint[0x1])
[    0.281729] ACPI: LAPIC_NMI (acpi_id[0x6f] high edge lint[0x1])
[    0.281730] ACPI: LAPIC_NMI (acpi_id[0x70] high edge lint[0x1])
[    0.281730] ACPI: LAPIC_NMI (acpi_id[0x71] high edge lint[0x1])
[    0.281731] ACPI: LAPIC_NMI (acpi_id[0x72] high edge lint[0x1])
[    0.281732] ACPI: LAPIC_NMI (acpi_id[0x73] high edge lint[0x1])
[    0.281732] ACPI: LAPIC_NMI (acpi_id[0x74] high edge lint[0x1])
[    0.281733] ACPI: LAPIC_NMI (acpi_id[0x75] high edge lint[0x1])
[    0.281733] ACPI: LAPIC_NMI (acpi_id[0x76] high edge lint[0x1])
[    0.281734] ACPI: LAPIC_NMI (acpi_id[0x77] high edge lint[0x1])
[    0.281735] ACPI: LAPIC_NMI (acpi_id[0x78] high edge lint[0x1])
[    0.281735] ACPI: LAPIC_NMI (acpi_id[0x79] high edge lint[0x1])
[    0.281736] ACPI: LAPIC_NMI (acpi_id[0x7a] high edge lint[0x1])
[    0.281737] ACPI: LAPIC_NMI (acpi_id[0x7b] high edge lint[0x1])
[    0.281737] ACPI: LAPIC_NMI (acpi_id[0x7c] high edge lint[0x1])
[    0.281738] ACPI: LAPIC_NMI (acpi_id[0x7d] high edge lint[0x1])
[    0.281739] ACPI: LAPIC_NMI (acpi_id[0x7e] high edge lint[0x1])
[    0.281739] ACPI: LAPIC_NMI (acpi_id[0x7f] high edge lint[0x1])
[    0.281787] IOAPIC[0]: apic_id 1, version 32, address 0xfec00000, GSI 0-23
[    0.281792] ACPI: INT_SRC_OVR (bus 0 bus_irq 0 global_irq 2 high edge)
[    0.281798] ACPI: Using ACPI (MADT) for SMP configuration information
[    0.281799] ACPI: HPET id: 0x8086af01 base: 0xfed00000
[    0.281804] TSC deadline timer available
[    0.281814] smpboot: Allowing 128 CPUs, 126 hotplug CPUs
[    0.281827] PM: hibernation: Registered nosave memory: [mem 0x00000000-0x00000fff]
[    0.281829] PM: hibernation: Registered nosave memory: [mem 0x0009e000-0x0009efff]
[    0.281829] PM: hibernation: Registered nosave memory: [mem 0x0009f000-0x0009ffff]
[    0.281830] PM: hibernation: Registered nosave memory: [mem 0x000a0000-0x000dbfff]
[    0.281831] PM: hibernation: Registered nosave memory: [mem 0x000dc000-0x000fffff]
[    0.281832] PM: hibernation: Registered nosave memory: [mem 0xbfed0000-0xbfefefff]
[    0.281833] PM: hibernation: Registered nosave memory: [mem 0xbfeff000-0xbfefffff]
[    0.281893] PM: hibernation: Registered nosave memory: [mem 0xc0000000-0xefffffff]
[    0.281895] PM: hibernation: Registered nosave memory: [mem 0xf0000000-0xf7ffffff]
[    0.281896] PM: hibernation: Registered nosave memory: [mem 0xf8000000-0xfebfffff]
[    0.281896] PM: hibernation: Registered nosave memory: [mem 0xfec00000-0xfec0ffff]
[    0.281897] PM: hibernation: Registered nosave memory: [mem 0xfec10000-0xfedfffff]
[    0.281897] PM: hibernation: Registered nosave memory: [mem 0xfee00000-0xfee00fff]
[    0.281898] PM: hibernation: Registered nosave memory: [mem 0xfee01000-0xfffdffff]
[    0.281899] PM: hibernation: Registered nosave memory: [mem 0xfffe0000-0xffffffff]
[    0.281900] [mem 0xc0000000-0xefffffff] available for PCI devices
[    0.281901] Booting paravirtualized kernel on VMware hypervisor
[    0.281903] clocksource: refined-jiffies: mask: 0xffffffff max_cycles: 0xffffffff, max_idle_ns: 7645519600211568 ns
[    0.281909] setup_percpu: NR_CPUS:8192 nr_cpumask_bits:128 nr_cpu_ids:128 nr_node_ids:1
[    0.409243] percpu: Embedded 60 pages/cpu s208896 r8192 d28672 u262144
[    0.409262] pcpu-alloc: s208896 r8192 d28672 u262144 alloc=1*2097152
[    0.409266] pcpu-alloc: [0] 000 001 002 003 004 005 006 007 
[    0.409270] pcpu-alloc: [0] 008 009 010 011 012 013 014 015 
[    0.409275] pcpu-alloc: [0] 016 017 018 019 020 021 022 023 
[    0.409279] pcpu-alloc: [0] 024 025 026 027 028 029 030 031 
[    0.409283] pcpu-alloc: [0] 032 033 034 035 036 037 038 039 
[    0.409287] pcpu-alloc: [0] 040 041 042 043 044 045 046 047 
[    0.409291] pcpu-alloc: [0] 048 049 050 051 052 053 054 055 
[    0.409295] pcpu-alloc: [0] 056 057 058 059 060 061 062 063 
[    0.409299] pcpu-alloc: [0] 064 065 066 067 068 069 070 071 
[    0.409303] pcpu-alloc: [0] 072 073 074 075 076 077 078 079 
[    0.409307] pcpu-alloc: [0] 080 081 082 083 084 085 086 087 
[    0.409311] pcpu-alloc: [0] 088 089 090 091 092 093 094 095 
[    0.409315] pcpu-alloc: [0] 096 097 098 099 100 101 102 103 
[    0.409319] pcpu-alloc: [0] 104 105 106 107 108 109 110 111 
[    0.409323] pcpu-alloc: [0] 112 113 114 115 116 117 118 119 
[    0.409327] pcpu-alloc: [0] 120 121 122 123 124 125 126 127 
[    0.409445] Built 1 zonelists, mobility grouping on.  Total pages: 1031888
[    0.409447] Policy zone: Normal
[    0.409450] Kernel command line: BOOT_IMAGE=/boot/vmlinuz-5.15.0-78-generic root=UUID=55911e94-4ab8-478f-b3e8-370e8fd84030 ro quiet splash
[    0.409514] Unknown kernel command line parameters "splash BOOT_IMAGE=/boot/vmlinuz-5.15.0-78-generic", will be passed to user space.
[    0.409515] printk: log_buf_len individual max cpu contribution: 4096 bytes
[    0.409516] printk: log_buf_len total cpu_extra contributions: 520192 bytes
[    0.409517] printk: log_buf_len min size: 262144 bytes
[    0.429662] printk: log_buf_len: 1048576 bytes
[    0.429666] printk: early log buf free: 237528(90%)
[    0.445455] Dentry cache hash table entries: 524288 (order: 10, 4194304 bytes, linear)
[    0.453593] Inode-cache hash table entries: 262144 (order: 9, 2097152 bytes, linear)
[    0.456126] mem auto-init: stack:off, heap alloc:on, heap free:off
[    0.611650] Memory: 3894016K/4193716K available (16393K kernel code, 4378K rwdata, 10820K rodata, 3244K init, 18848K bss, 299440K reserved, 0K cma-reserved)
[    0.614354] SLUB: HWalign=64, Order=0-3, MinObjects=0, CPUs=128, Nodes=1
[    0.614549] Kernel/User page tables isolation: enabled
[    0.615157] ftrace: allocating 50105 entries in 196 pages
[    0.638299] ftrace: allocated 196 pages with 3 groups
[    0.639931] rcu: Hierarchical RCU implementation.
[    0.639933] rcu: 	RCU restricting CPUs from NR_CPUS=8192 to nr_cpu_ids=128.
[    0.639934] 	Rude variant of Tasks RCU enabled.
[    0.639935] 	Tracing variant of Tasks RCU enabled.
[    0.639935] rcu: RCU calculated value of scheduler-enlistment delay is 25 jiffies.
[    0.639936] rcu: Adjusting geometry for rcu_fanout_leaf=16, nr_cpu_ids=128
[    0.646278] NR_IRQS: 524544, nr_irqs: 1448, preallocated irqs: 16
[    0.646756] random: crng init done
[    0.648349] Console: colour VGA+ 80x25
[    0.648374] printk: console [tty0] enabled
[    0.648505] ACPI: Core revision 20210730
[    0.649113] clocksource: hpet: mask: 0xffffffff max_cycles: 0xffffffff, max_idle_ns: 133484882848 ns
[    0.649187] APIC: Switch to symmetric I/O mode setup
[    0.649410] x2apic enabled
[    0.649673] Switched APIC routing to physical x2apic.
[    0.650680] ..TIMER: vector=0x30 apic1=0 pin1=2 apic2=-1 pin2=-1
[    0.650705] clocksource: tsc-early: mask: 0xffffffffffffffff max_cycles: 0x1fd3b6211b4, max_idle_ns: 440795230313 ns
[    0.650711] Calibrating delay loop (skipped) preset value.. 4415.99 BogoMIPS (lpj=8831992)
[    0.650714] pid_max: default: 131072 minimum: 1024
[    0.650783] LSM: Security Framework initializing
[    0.650795] landlock: Up and running.
[    0.650796] Yama: becoming mindful.
[    0.651023] AppArmor: AppArmor initialized
[    0.651356] Mount-cache hash table entries: 8192 (order: 4, 65536 bytes, linear)
[    0.651598] Mountpoint-cache hash table entries: 8192 (order: 4, 65536 bytes, linear)
[    0.652677] Disabled fast string operations
[    0.652820] Last level iTLB entries: 4KB 64, 2MB 8, 4MB 8
[    0.652822] Last level dTLB entries: 4KB 64, 2MB 0, 4MB 0, 1GB 4
[    0.652826] Spectre V1 : Mitigation: usercopy/swapgs barriers and __user pointer sanitization
[    0.653070] Spectre V2 : Mitigation: IBRS
[    0.653072] Spectre V2 : Spectre v2 / SpectreRSB mitigation: Filling RSB on context switch
[    0.653073] Spectre V2 : Spectre v2 / SpectreRSB : Filling RSB on VMEXIT
[    0.653074] RETBleed: Mitigation: IBRS
[    0.653076] Spectre V2 : mitigation: Enabling conditional Indirect Branch Prediction Barrier
[    0.653078] Speculative Store Bypass: Mitigation: Speculative Store Bypass disabled via prctl and seccomp
[    0.653084] MDS: Vulnerable: Clear CPU buffers attempted, no microcode
[    0.653085] MMIO Stale Data: Vulnerable: Clear CPU buffers attempted, no microcode
[    0.653087] SRBDS: Unknown: Dependent on hypervisor status
[    0.677154] Freeing SMP alternatives memory: 40K
[    0.679971] smpboot: CPU0: Intel(R) Core(TM) i7-8750H CPU @ 2.20GHz (family: 0x6, model: 0x9e, stepping: 0xa)
[    0.681426] Performance Events: Skylake events, core PMU driver.
[    0.681458] core: CPUID marked event: 'cpu cycles' unavailable
[    0.681459] core: CPUID marked event: 'instructions' unavailable
[    0.681459] core: CPUID marked event: 'bus cycles' unavailable
[    0.681460] core: CPUID marked event: 'cache references' unavailable
[    0.681460] core: CPUID marked event: 'cache misses' unavailable
[    0.681461] core: CPUID marked event: 'branch instructions' unavailable
[    0.681461] core: CPUID marked event: 'branch misses' unavailable
[    0.681464] ... version:                1
[    0.681464] ... bit width:              48
[    0.681465] ... generic registers:      4
[    0.681466] ... value mask:             0000ffffffffffff
[    0.681467] ... max period:             000000007fffffff
[    0.681467] ... fixed-purpose events:   0
[    0.681468] ... event mask:             000000000000000f
[    0.681696] rcu: Hierarchical SRCU implementation.
[    0.682708] NMI watchdog: Perf NMI watchdog permanently disabled
[    0.698232] smp: Bringing up secondary CPUs ...
[    0.699360] x86: Booting SMP configuration:
[    0.699361] .... node  #0, CPUs:          #1
[    0.007979] Disabled fast string operations
[    0.007979] smpboot: CPU 1 Converting physical 2 to logical package 1
[    0.007979] smpboot: CPU 1 Converting physical 0 to logical die 1
[    0.700340] smp: Brought up 1 node, 2 CPUs
[    0.700340] smpboot: Max logical packages: 128
[    0.700340] smpboot: Total of 2 processors activated (8831.99 BogoMIPS)
[    0.700340] devtmpfs: initialized
[    0.700340] x86/mm: Memory block size: 128MB
[    0.703253] ACPI: PM: Registering ACPI NVS region [mem 0xbfeff000-0xbfefffff] (4096 bytes)
[    0.703253] clocksource: jiffies: mask: 0xffffffff max_cycles: 0xffffffff, max_idle_ns: 7645041785100000 ns
[    0.711438] futex hash table entries: 32768 (order: 9, 2097152 bytes, linear)
[    0.712781] pinctrl core: initialized pinctrl subsystem
[    0.713195] PM: RTC time: 11:57:01, date: 2023-08-05
[    0.714137] NET: Registered PF_NETLINK/PF_ROUTE protocol family
[    0.716585] DMA: preallocated 512 KiB GFP_KERNEL pool for atomic allocations
[    0.716739] DMA: preallocated 512 KiB GFP_KERNEL|GFP_DMA pool for atomic allocations
[    0.716796] DMA: preallocated 512 KiB GFP_KERNEL|GFP_DMA32 pool for atomic allocations
[    0.716810] audit: initializing netlink subsys (disabled)
[    0.716947] audit: type=2000 audit(1691236621.064:1): state=initialized audit_enabled=0 res=1
[    0.716947] thermal_sys: Registered thermal governor 'fair_share'
[    0.716947] thermal_sys: Registered thermal governor 'bang_bang'
[    0.716947] thermal_sys: Registered thermal governor 'step_wise'
[    0.716947] thermal_sys: Registered thermal governor 'user_space'
[    0.716947] thermal_sys: Registered thermal governor 'power_allocator'
[    0.716947] EISA bus registered
[    0.716947] cpuidle: using governor ladder
[    0.716947] cpuidle: using governor menu
[    0.716947] Simple Boot Flag at 0x36 set to 0x80
[    0.716947] ACPI: bus type PCI registered
[    0.716947] acpiphp: ACPI Hot Plug PCI Controller Driver version: 0.5
[    0.716947] PCI: MMCONFIG for domain 0000 [bus 00-7f] at [mem 0xf0000000-0xf7ffffff] (base 0xf0000000)
[    0.716947] PCI: MMCONFIG at [mem 0xf0000000-0xf7ffffff] reserved in E820
[    0.716947] PCI: Using configuration type 1 for base access
[    0.720678] kprobes: kprobe jump-optimization is enabled. All kprobes are optimized if possible.
[    0.720922] HugeTLB registered 1.00 GiB page size, pre-allocated 0 pages
[    0.720922] HugeTLB registered 2.00 MiB page size, pre-allocated 0 pages
[    0.735035] ACPI: Added _OSI(Module Device)
[    0.735035] ACPI: Added _OSI(Processor Device)
[    0.735035] ACPI: Added _OSI(3.0 _SCP Extensions)
[    0.735035] ACPI: Added _OSI(Processor Aggregator Device)
[    0.735035] ACPI: Added _OSI(Linux-Dell-Video)
[    0.735035] ACPI: Added _OSI(Linux-Lenovo-NV-HDMI-Audio)
[    0.735035] ACPI: Added _OSI(Linux-HPI-Hybrid-Graphics)
[    0.762708] ACPI: 1 ACPI AML tables successfully acquired and loaded
[    0.764007] ACPI: [Firmware Bug]: BIOS _OSI(Linux) query ignored
[    0.789849] ACPI: Interpreter enabled
[    0.789863] ACPI: PM: (supports S0 S1 S4 S5)
[    0.789865] ACPI: Using IOAPIC for interrupt routing
[    0.789890] PCI: Using host bridge windows from ACPI; if necessary, use "pci=nocrs" and report a bug
[    0.789891] PCI: Using E820 reservations for host bridge windows
[    0.791209] ACPI: Enabled 4 GPEs in block 00 to 0F
[    1.001247] ACPI: PCI Root Bridge [PCI0] (domain 0000 [bus 00-7f])
[    1.001256] acpi PNP0A03:00: _OSC: OS supports [ExtendedConfig ASPM ClockPM Segments MSI EDR HPX-Type3]
[    1.001481] acpi PNP0A03:00: _OSC: platform does not support [AER LTR DPC]
[    1.001713] acpi PNP0A03:00: _OSC: OS now controls [PCIeHotplug SHPCHotplug PME PCIeCapability]
[    1.003693] PCI host bridge to bus 0000:00
[    1.003696] pci_bus 0000:00: root bus resource [bus 00-7f]
[    1.003698] pci_bus 0000:00: root bus resource [io  0x0000-0x0cf7 window]
[    1.003699] pci_bus 0000:00: root bus resource [io  0x0d00-0xfeff window]
[    1.003700] pci_bus 0000:00: root bus resource [mem 0x000a0000-0x000bffff window]
[    1.003702] pci_bus 0000:00: root bus resource [mem 0x000d0000-0x000dbfff window]
[    1.003703] pci_bus 0000:00: root bus resource [mem 0xc0000000-0xfebfffff window]
[    1.003897] pci 0000:00:00.0: [8086:7190] type 00 class 0x060000
[    1.004994] pci 0000:00:01.0: [8086:7191] type 01 class 0x060400
[    1.006927] pci 0000:00:07.0: [8086:7110] type 00 class 0x060100
[    1.007849] pci 0000:00:07.1: [8086:7111] type 00 class 0x01018a
[    1.009457] pci 0000:00:07.1: reg 0x20: [io  0x1060-0x106f]
[    1.010400] pci 0000:00:07.1: legacy IDE quirk: reg 0x10: [io  0x01f0-0x01f7]
[    1.010403] pci 0000:00:07.1: legacy IDE quirk: reg 0x14: [io  0x03f6]
[    1.010404] pci 0000:00:07.1: legacy IDE quirk: reg 0x18: [io  0x0170-0x0177]
[    1.010405] pci 0000:00:07.1: legacy IDE quirk: reg 0x1c: [io  0x0376]
[    1.011014] pci 0000:00:07.3: [8086:7113] type 00 class 0x068000
[    1.012613] pci 0000:00:07.3: quirk: [io  0x1000-0x103f] claimed by PIIX4 ACPI
[    1.012630] pci 0000:00:07.3: quirk: [io  0x1040-0x104f] claimed by PIIX4 SMB
[    1.013186] pci 0000:00:07.7: [15ad:0740] type 00 class 0x088000
[    1.013898] pci 0000:00:07.7: reg 0x10: [io  0x1080-0x10bf]
[    1.014577] pci 0000:00:07.7: reg 0x14: [mem 0xfebfe000-0xfebfffff 64bit]
[    1.019777] pci 0000:00:0f.0: [15ad:0405] type 00 class 0x030000
[    1.021859] pci 0000:00:0f.0: reg 0x10: [io  0x1070-0x107f]
[    1.023822] pci 0000:00:0f.0: reg 0x14: [mem 0xe8000000-0xefffffff pref]
[    1.026031] pci 0000:00:0f.0: reg 0x18: [mem 0xfe000000-0xfe7fffff]
[    1.033267] pci 0000:00:0f.0: reg 0x30: [mem 0x00000000-0x00007fff pref]
[    1.033339] pci 0000:00:0f.0: Video device with shadowed ROM at [mem 0x000c0000-0x000dffff]
[    1.034220] pci 0000:00:10.0: [1000:0030] type 00 class 0x010000
[    1.035336] pci 0000:00:10.0: reg 0x10: [io  0x1400-0x14ff]
[    1.036323] pci 0000:00:10.0: reg 0x14: [mem 0xfeba0000-0xfebbffff 64bit]
[    1.037239] pci 0000:00:10.0: reg 0x1c: [mem 0xfebc0000-0xfebdffff 64bit]
[    1.038711] pci 0000:00:10.0: reg 0x30: [mem 0x00000000-0x00003fff pref]
[    1.039588] pci 0000:00:11.0: [15ad:0790] type 01 class 0x060401
[    1.041727] pci 0000:00:15.0: [15ad:07a0] type 01 class 0x060400
[    1.042952] pci 0000:00:15.0: PME# supported from D0 D3hot D3cold
[    1.043931] pci 0000:00:15.1: [15ad:07a0] type 01 class 0x060400
[    1.044787] pci 0000:00:15.1: PME# supported from D0 D3hot D3cold
[    1.045434] pci 0000:00:15.2: [15ad:07a0] type 01 class 0x060400
[    1.046258] pci 0000:00:15.2: PME# supported from D0 D3hot D3cold
[    1.047010] pci 0000:00:15.3: [15ad:07a0] type 01 class 0x060400
[    1.047827] pci 0000:00:15.3: PME# supported from D0 D3hot D3cold
[    1.048476] pci 0000:00:15.4: [15ad:07a0] type 01 class 0x060400
[    1.049293] pci 0000:00:15.4: PME# supported from D0 D3hot D3cold
[    1.049925] pci 0000:00:15.5: [15ad:07a0] type 01 class 0x060400
[    1.050740] pci 0000:00:15.5: PME# supported from D0 D3hot D3cold
[    1.051389] pci 0000:00:15.6: [15ad:07a0] type 01 class 0x060400
[    1.052208] pci 0000:00:15.6: PME# supported from D0 D3hot D3cold
[    1.052834] pci 0000:00:15.7: [15ad:07a0] type 01 class 0x060400
[    1.053674] pci 0000:00:15.7: PME# supported from D0 D3hot D3cold
[    1.054532] pci 0000:00:16.0: [15ad:07a0] type 01 class 0x060400
[    1.055348] pci 0000:00:16.0: PME# supported from D0 D3hot D3cold
[    1.055958] pci 0000:00:16.1: [15ad:07a0] type 01 class 0x060400
[    1.056906] pci 0000:00:16.1: PME# supported from D0 D3hot D3cold
[    1.057673] pci 0000:00:16.2: [15ad:07a0] type 01 class 0x060400
[    1.058692] pci 0000:00:16.2: PME# supported from D0 D3hot D3cold
[    1.059686] pci 0000:00:16.3: [15ad:07a0] type 01 class 0x060400
[    1.060564] pci 0000:00:16.3: PME# supported from D0 D3hot D3cold
[    1.061219] pci 0000:00:16.4: [15ad:07a0] type 01 class 0x060400
[    1.062039] pci 0000:00:16.4: PME# supported from D0 D3hot D3cold
[    1.062699] pci 0000:00:16.5: [15ad:07a0] type 01 class 0x060400
[    1.063508] pci 0000:00:16.5: PME# supported from D0 D3hot D3cold
[    1.064140] pci 0000:00:16.6: [15ad:07a0] type 01 class 0x060400
[    1.064967] pci 0000:00:16.6: PME# supported from D0 D3hot D3cold
[    1.065579] pci 0000:00:16.7: [15ad:07a0] type 01 class 0x060400
[    1.066394] pci 0000:00:16.7: PME# supported from D0 D3hot D3cold
[    1.067309] pci 0000:00:17.0: [15ad:07a0] type 01 class 0x060400
[    1.068129] pci 0000:00:17.0: PME# supported from D0 D3hot D3cold
[    1.068770] pci 0000:00:17.1: [15ad:07a0] type 01 class 0x060400
[    1.069587] pci 0000:00:17.1: PME# supported from D0 D3hot D3cold
[    1.070197] pci 0000:00:17.2: [15ad:07a0] type 01 class 0x060400
[    1.071006] pci 0000:00:17.2: PME# supported from D0 D3hot D3cold
[    1.071797] pci 0000:00:17.3: [15ad:07a0] type 01 class 0x060400
[    1.072611] pci 0000:00:17.3: PME# supported from D0 D3hot D3cold
[    1.073280] pci 0000:00:17.4: [15ad:07a0] type 01 class 0x060400
[    1.074139] pci 0000:00:17.4: PME# supported from D0 D3hot D3cold
[    1.074762] pci 0000:00:17.5: [15ad:07a0] type 01 class 0x060400
[    1.075790] pci 0000:00:17.5: PME# supported from D0 D3hot D3cold
[    1.076820] pci 0000:00:17.6: [15ad:07a0] type 01 class 0x060400
[    1.077676] pci 0000:00:17.6: PME# supported from D0 D3hot D3cold
[    1.078324] pci 0000:00:17.7: [15ad:07a0] type 01 class 0x060400
[    1.079141] pci 0000:00:17.7: PME# supported from D0 D3hot D3cold
[    1.079976] pci 0000:00:18.0: [15ad:07a0] type 01 class 0x060400
[    1.080794] pci 0000:00:18.0: PME# supported from D0 D3hot D3cold
[    1.081439] pci 0000:00:18.1: [15ad:07a0] type 01 class 0x060400
[    1.082253] pci 0000:00:18.1: PME# supported from D0 D3hot D3cold
[    1.082747] pci 0000:00:18.2: [15ad:07a0] type 01 class 0x060400
[    1.083602] pci 0000:00:18.2: PME# supported from D0 D3hot D3cold
[    1.084367] pci 0000:00:18.3: [15ad:07a0] type 01 class 0x060400
[    1.085186] pci 0000:00:18.3: PME# supported from D0 D3hot D3cold
[    1.085798] pci 0000:00:18.4: [15ad:07a0] type 01 class 0x060400
[    1.086614] pci 0000:00:18.4: PME# supported from D0 D3hot D3cold
[    1.087220] pci 0000:00:18.5: [15ad:07a0] type 01 class 0x060400
[    1.088034] pci 0000:00:18.5: PME# supported from D0 D3hot D3cold
[    1.088682] pci 0000:00:18.6: [15ad:07a0] type 01 class 0x060400
[    1.089520] pci 0000:00:18.6: PME# supported from D0 D3hot D3cold
[    1.090193] pci 0000:00:18.7: [15ad:07a0] type 01 class 0x060400
[    1.091145] pci 0000:00:18.7: PME# supported from D0 D3hot D3cold
[    1.093670] pci_bus 0000:01: extended config space not accessible
[    1.100385] pci 0000:00:01.0: PCI bridge to [bus 01]
[    1.100596] pci_bus 0000:02: extended config space not accessible
[    1.100945] acpiphp: Slot [32] registered
[    1.100967] acpiphp: Slot [33] registered
[    1.100987] acpiphp: Slot [34] registered
[    1.101006] acpiphp: Slot [35] registered
[    1.101025] acpiphp: Slot [36] registered
[    1.101044] acpiphp: Slot [37] registered
[    1.101083] acpiphp: Slot [38] registered
[    1.101103] acpiphp: Slot [39] registered
[    1.101122] acpiphp: Slot [40] registered
[    1.101141] acpiphp: Slot [41] registered
[    1.101160] acpiphp: Slot [42] registered
[    1.101179] acpiphp: Slot [43] registered
[    1.101198] acpiphp: Slot [44] registered
[    1.101235] acpiphp: Slot [45] registered
[    1.101255] acpiphp: Slot [46] registered
[    1.101292] acpiphp: Slot [47] registered
[    1.101312] acpiphp: Slot [48] registered
[    1.101331] acpiphp: Slot [49] registered
[    1.101350] acpiphp: Slot [50] registered
[    1.101388] acpiphp: Slot [51] registered
[    1.101408] acpiphp: Slot [52] registered
[    1.101427] acpiphp: Slot [53] registered
[    1.101446] acpiphp: Slot [54] registered
[    1.101465] acpiphp: Slot [55] registered
[    1.101484] acpiphp: Slot [56] registered
[    1.101528] acpiphp: Slot [57] registered
[    1.101556] acpiphp: Slot [58] registered
[    1.101576] acpiphp: Slot [59] registered
[    1.101595] acpiphp: Slot [60] registered
[    1.101614] acpiphp: Slot [61] registered
[    1.101633] acpiphp: Slot [62] registered
[    1.101652] acpiphp: Slot [63] registered
[    1.101799] pci 0000:02:00.0: [15ad:0774] type 00 class 0x0c0300
[    1.103076] pci 0000:02:00.0: reg 0x20: [io  0x2080-0x209f]
[    1.104835] pci 0000:02:01.0: [8086:100f] type 00 class 0x020000
[    1.105987] pci 0000:02:01.0: reg 0x10: [mem 0xfd5c0000-0xfd5dffff 64bit]
[    1.107358] pci 0000:02:01.0: reg 0x18: [mem 0xfdff0000-0xfdffffff 64bit]
[    1.108766] pci 0000:02:01.0: reg 0x20: [io  0x2000-0x203f]
[    1.110635] pci 0000:02:01.0: reg 0x30: [mem 0x00000000-0x0000ffff pref]
[    1.110945] pci 0000:02:01.0: PME# supported from D0 D3hot D3cold
[    1.112127] pci 0000:02:02.0: [1274:1371] type 00 class 0x040100
[    1.112453] pci 0000:02:02.0: reg 0x10: [io  0x2040-0x207f]
[    1.115503] pci 0000:02:03.0: [15ad:0770] type 00 class 0x0c0320
[    1.116010] pci 0000:02:03.0: reg 0x10: [mem 0xfd5ef000-0xfd5effff]
[    1.119979] pci 0000:02:05.0: [15ad:07e0] type 00 class 0x010601
[    1.123038] pci 0000:02:05.0: reg 0x24: [mem 0xfd5ee000-0xfd5eefff]
[    1.123499] pci 0000:02:05.0: reg 0x30: [mem 0x00000000-0x0000ffff pref]
[    1.123974] pci 0000:02:05.0: PME# supported from D3hot
[    1.130708] pci 0000:00:11.0: PCI bridge to [bus 02] (subtractive decode)
[    1.130721] pci 0000:00:11.0:   bridge window [io  0x2000-0x3fff]
[    1.130743] pci 0000:00:11.0:   bridge window [mem 0xfd500000-0xfdffffff]
[    1.130782] pci 0000:00:11.0:   bridge window [mem 0xe7b00000-0xe7ffffff 64bit pref]
[    1.130784] pci 0000:00:11.0:   bridge window [io  0x0000-0x0cf7 window] (subtractive decode)
[    1.130786] pci 0000:00:11.0:   bridge window [io  0x0d00-0xfeff window] (subtractive decode)
[    1.130787] pci 0000:00:11.0:   bridge window [mem 0x000a0000-0x000bffff window] (subtractive decode)
[    1.130789] pci 0000:00:11.0:   bridge window [mem 0x000d0000-0x000dbfff window] (subtractive decode)
[    1.130790] pci 0000:00:11.0:   bridge window [mem 0xc0000000-0xfebfffff window] (subtractive decode)
[    1.134708] pci 0000:00:15.0: PCI bridge to [bus 03]
[    1.134721] pci 0000:00:15.0:   bridge window [io  0x4000-0x4fff]
[    1.134742] pci 0000:00:15.0:   bridge window [mem 0xfd400000-0xfd4fffff]
[    1.134781] pci 0000:00:15.0:   bridge window [mem 0xe7a00000-0xe7afffff 64bit pref]
[    1.141833] pci 0000:00:15.1: PCI bridge to [bus 04]
[    1.141865] pci 0000:00:15.1:   bridge window [io  0x8000-0x8fff]
[    1.141886] pci 0000:00:15.1:   bridge window [mem 0xfd000000-0xfd0fffff]
[    1.141926] pci 0000:00:15.1:   bridge window [mem 0xe7600000-0xe76fffff 64bit pref]
[    1.142708] pci 0000:00:15.2: PCI bridge to [bus 05]
[    1.142721] pci 0000:00:15.2:   bridge window [io  0xc000-0xcfff]
[    1.142742] pci 0000:00:15.2:   bridge window [mem 0xfcc00000-0xfccfffff]
[    1.142781] pci 0000:00:15.2:   bridge window [mem 0xe7200000-0xe72fffff 64bit pref]
[    1.149089] pci 0000:00:15.3: PCI bridge to [bus 06]
[    1.149149] pci 0000:00:15.3:   bridge window [mem 0xfc800000-0xfc8fffff]
[    1.149189] pci 0000:00:15.3:   bridge window [mem 0xe6e00000-0xe6efffff 64bit pref]
[    1.154708] pci 0000:00:15.4: PCI bridge to [bus 07]
[    1.154738] pci 0000:00:15.4:   bridge window [mem 0xfc400000-0xfc4fffff]
[    1.154778] pci 0000:00:15.4:   bridge window [mem 0xe6a00000-0xe6afffff 64bit pref]
[    1.160776] pci 0000:00:15.5: PCI bridge to [bus 08]
[    1.160845] pci 0000:00:15.5:   bridge window [mem 0xfc000000-0xfc0fffff]
[    1.160890] pci 0000:00:15.5:   bridge window [mem 0xe6600000-0xe66fffff 64bit pref]
[    1.162708] pci 0000:00:15.6: PCI bridge to [bus 09]
[    1.162743] pci 0000:00:15.6:   bridge window [mem 0xfbc00000-0xfbcfffff]
[    1.162782] pci 0000:00:15.6:   bridge window [mem 0xe6200000-0xe62fffff 64bit pref]
[    1.168288] pci 0000:00:15.7: PCI bridge to [bus 0a]
[    1.168356] pci 0000:00:15.7:   bridge window [mem 0xfb800000-0xfb8fffff]
[    1.168407] pci 0000:00:15.7:   bridge window [mem 0xe5e00000-0xe5efffff 64bit pref]
[    1.170708] pci 0000:00:16.0: PCI bridge to [bus 0b]
[    1.170722] pci 0000:00:16.0:   bridge window [io  0x5000-0x5fff]
[    1.170744] pci 0000:00:16.0:   bridge window [mem 0xfd300000-0xfd3fffff]
[    1.170783] pci 0000:00:16.0:   bridge window [mem 0xe7900000-0xe79fffff 64bit pref]
[    1.175500] pci 0000:00:16.1: PCI bridge to [bus 0c]
[    1.175523] pci 0000:00:16.1:   bridge window [io  0x9000-0x9fff]
[    1.175554] pci 0000:00:16.1:   bridge window [mem 0xfcf00000-0xfcffffff]
[    1.175593] pci 0000:00:16.1:   bridge window [mem 0xe7500000-0xe75fffff 64bit pref]
[    1.178708] pci 0000:00:16.2: PCI bridge to [bus 0d]
[    1.178722] pci 0000:00:16.2:   bridge window [io  0xd000-0xdfff]
[    1.178743] pci 0000:00:16.2:   bridge window [mem 0xfcb00000-0xfcbfffff]
[    1.178782] pci 0000:00:16.2:   bridge window [mem 0xe7100000-0xe71fffff 64bit pref]
[    1.182746] pci 0000:00:16.3: PCI bridge to [bus 0e]
[    1.182788] pci 0000:00:16.3:   bridge window [mem 0xfc700000-0xfc7fffff]
[    1.182827] pci 0000:00:16.3:   bridge window [mem 0xe6d00000-0xe6dfffff 64bit pref]
[    1.186708] pci 0000:00:16.4: PCI bridge to [bus 0f]
[    1.186744] pci 0000:00:16.4:   bridge window [mem 0xfc300000-0xfc3fffff]
[    1.186783] pci 0000:00:16.4:   bridge window [mem 0xe6900000-0xe69fffff 64bit pref]
[    1.190708] pci 0000:00:16.5: PCI bridge to [bus 10]
[    1.190740] pci 0000:00:16.5:   bridge window [mem 0xfbf00000-0xfbffffff]
[    1.190780] pci 0000:00:16.5:   bridge window [mem 0xe6500000-0xe65fffff 64bit pref]
[    1.194708] pci 0000:00:16.6: PCI bridge to [bus 11]
[    1.194750] pci 0000:00:16.6:   bridge window [mem 0xfbb00000-0xfbbfffff]
[    1.194812] pci 0000:00:16.6:   bridge window [mem 0xe6100000-0xe61fffff 64bit pref]
[    1.198708] pci 0000:00:16.7: PCI bridge to [bus 12]
[    1.198744] pci 0000:00:16.7:   bridge window [mem 0xfb700000-0xfb7fffff]
[    1.198783] pci 0000:00:16.7:   bridge window [mem 0xe5d00000-0xe5dfffff 64bit pref]
[    1.204783] pci 0000:00:17.0: PCI bridge to [bus 13]
[    1.204806] pci 0000:00:17.0:   bridge window [io  0x6000-0x6fff]
[    1.204827] pci 0000:00:17.0:   bridge window [mem 0xfd200000-0xfd2fffff]
[    1.204866] pci 0000:00:17.0:   bridge window [mem 0xe7800000-0xe78fffff 64bit pref]
[    1.206708] pci 0000:00:17.1: PCI bridge to [bus 14]
[    1.206727] pci 0000:00:17.1:   bridge window [io  0xa000-0xafff]
[    1.206749] pci 0000:00:17.1:   bridge window [mem 0xfce00000-0xfcefffff]
[    1.206788] pci 0000:00:17.1:   bridge window [mem 0xe7400000-0xe74fffff 64bit pref]
[    1.210907] pci 0000:00:17.2: PCI bridge to [bus 15]
[    1.210930] pci 0000:00:17.2:   bridge window [io  0xe000-0xefff]
[    1.210950] pci 0000:00:17.2:   bridge window [mem 0xfca00000-0xfcafffff]
[    1.210989] pci 0000:00:17.2:   bridge window [mem 0xe7000000-0xe70fffff 64bit pref]
[    1.214708] pci 0000:00:17.3: PCI bridge to [bus 16]
[    1.214749] pci 0000:00:17.3:   bridge window [mem 0xfc600000-0xfc6fffff]
[    1.214798] pci 0000:00:17.3:   bridge window [mem 0xe6c00000-0xe6cfffff 64bit pref]
[    1.218708] pci 0000:00:17.4: PCI bridge to [bus 17]
[    1.218742] pci 0000:00:17.4:   bridge window [mem 0xfc200000-0xfc2fffff]
[    1.218782] pci 0000:00:17.4:   bridge window [mem 0xe6800000-0xe68fffff 64bit pref]
[    1.222708] pci 0000:00:17.5: PCI bridge to [bus 18]
[    1.222748] pci 0000:00:17.5:   bridge window [mem 0xfbe00000-0xfbefffff]
[    1.222795] pci 0000:00:17.5:   bridge window [mem 0xe6400000-0xe64fffff 64bit pref]
[    1.226708] pci 0000:00:17.6: PCI bridge to [bus 19]
[    1.226742] pci 0000:00:17.6:   bridge window [mem 0xfba00000-0xfbafffff]
[    1.226781] pci 0000:00:17.6:   bridge window [mem 0xe6000000-0xe60fffff 64bit pref]
[    1.230708] pci 0000:00:17.7: PCI bridge to [bus 1a]
[    1.230739] pci 0000:00:17.7:   bridge window [mem 0xfb600000-0xfb6fffff]
[    1.230778] pci 0000:00:17.7:   bridge window [mem 0xe5c00000-0xe5cfffff 64bit pref]
[    1.234708] pci 0000:00:18.0: PCI bridge to [bus 1b]
[    1.234724] pci 0000:00:18.0:   bridge window [io  0x7000-0x7fff]
[    1.234744] pci 0000:00:18.0:   bridge window [mem 0xfd100000-0xfd1fffff]
[    1.234783] pci 0000:00:18.0:   bridge window [mem 0xe7700000-0xe77fffff 64bit pref]
[    1.240316] pci 0000:00:18.1: PCI bridge to [bus 1c]
[    1.240339] pci 0000:00:18.1:   bridge window [io  0xb000-0xbfff]
[    1.240359] pci 0000:00:18.1:   bridge window [mem 0xfcd00000-0xfcdfffff]
[    1.240398] pci 0000:00:18.1:   bridge window [mem 0xe7300000-0xe73fffff 64bit pref]
[    1.245428] pci 0000:00:18.2: PCI bridge to [bus 1d]
[    1.245502] pci 0000:00:18.2:   bridge window [mem 0xfc900000-0xfc9fffff]
[    1.245542] pci 0000:00:18.2:   bridge window [mem 0xe6f00000-0xe6ffffff 64bit pref]
[    1.246708] pci 0000:00:18.3: PCI bridge to [bus 1e]
[    1.246751] pci 0000:00:18.3:   bridge window [mem 0xfc500000-0xfc5fffff]
[    1.246791] pci 0000:00:18.3:   bridge window [mem 0xe6b00000-0xe6bfffff 64bit pref]
[    1.252800] pci 0000:00:18.4: PCI bridge to [bus 1f]
[    1.252843] pci 0000:00:18.4:   bridge window [mem 0xfc100000-0xfc1fffff]
[    1.252896] pci 0000:00:18.4:   bridge window [mem 0xe6700000-0xe67fffff 64bit pref]
[    1.254708] pci 0000:00:18.5: PCI bridge to [bus 20]
[    1.254743] pci 0000:00:18.5:   bridge window [mem 0xfbd00000-0xfbdfffff]
[    1.254782] pci 0000:00:18.5:   bridge window [mem 0xe6300000-0xe63fffff 64bit pref]
[    1.259646] pci 0000:00:18.6: PCI bridge to [bus 21]
[    1.259688] pci 0000:00:18.6:   bridge window [mem 0xfb900000-0xfb9fffff]
[    1.259727] pci 0000:00:18.6:   bridge window [mem 0xe5f00000-0xe5ffffff 64bit pref]
[    1.262708] pci 0000:00:18.7: PCI bridge to [bus 22]
[    1.262743] pci 0000:00:18.7:   bridge window [mem 0xfb500000-0xfb5fffff]
[    1.262782] pci 0000:00:18.7:   bridge window [mem 0xe5b00000-0xe5bfffff 64bit pref]
[    1.265261] ACPI: PCI: Interrupt link LNKA configured for IRQ 9
[    1.265350] ACPI: PCI: Interrupt link LNKB configured for IRQ 11
[    1.265435] ACPI: PCI: Interrupt link LNKC configured for IRQ 10
[    1.265520] ACPI: PCI: Interrupt link LNKD configured for IRQ 7
[    1.310168] iommu: Default domain type: Translated 
[    1.310168] iommu: DMA domain TLB invalidation policy: lazy mode 
[    1.311027] SCSI subsystem initialized
[    1.311304] libata version 3.00 loaded.
[    1.311304] pci 0000:00:0f.0: vgaarb: setting as boot VGA device
[    1.311304] pci 0000:00:0f.0: vgaarb: VGA device added: decodes=io+mem,owns=io+mem,locks=none
[    1.311304] pci 0000:00:0f.0: vgaarb: bridge control possible
[    1.311304] vgaarb: loaded
[    1.311304] ACPI: bus type USB registered
[    1.311304] usbcore: registered new interface driver usbfs
[    1.311304] usbcore: registered new interface driver hub
[    1.311304] usbcore: registered new device driver usb
[    1.311304] pps_core: LinuxPPS API ver. 1 registered
[    1.311304] pps_core: Software ver. 5.3.6 - Copyright 2005-2007 Rodolfo Giometti <giometti@linux.it>
[    1.311304] PTP clock support registered
[    1.311304] EDAC MC: Ver: 3.0.0
[    1.312117] NetLabel: Initializing
[    1.312117] NetLabel:  domain hash size = 128
[    1.312117] NetLabel:  protocols = UNLABELED CIPSOv4 CALIPSO
[    1.312117] NetLabel:  unlabeled traffic allowed by default
[    1.314742] PCI: Using ACPI for IRQ routing
[    1.366324] PCI: pci_cache_line_size set to 64 bytes
[    1.367232] e820: reserve RAM buffer [mem 0x0009e800-0x0009ffff]
[    1.367236] e820: reserve RAM buffer [mem 0xbfed0000-0xbfffffff]
[    1.367721] hpet0: at MMIO 0xfed00000, IRQs 2, 8, 0, 0, 0, 0, 0, 0, 0, 0, 0, 0, 0, 0, 0, 0
[    1.367732] hpet0: 16 comparators, 64-bit 14.318180 MHz counter
[    1.370845] clocksource: Switched to clocksource tsc-early
[    1.441295] VFS: Disk quotas dquot_6.6.0
[    1.441364] VFS: Dquot-cache hash table entries: 512 (order 0, 4096 bytes)
[    1.441875] AppArmor: AppArmor Filesystem Enabled
[    1.441893] pnp: PnP ACPI init
[    1.442095] system 00:00: [io  0x1000-0x103f] has been reserved
[    1.442099] system 00:00: [io  0x1040-0x104f] has been reserved
[    1.442101] system 00:00: [io  0x0cf0-0x0cf1] has been reserved
[    1.442423] system 00:04: [mem 0xfed00000-0xfed003ff] has been reserved
[    1.444749] system 00:06: [io  0xfce0-0xfcff] has been reserved
[    1.444752] system 00:06: [mem 0xf0000000-0xf7ffffff] has been reserved
[    1.444754] system 00:06: [mem 0xfe800000-0xfe9fffff] has been reserved
[    1.476277] pnp: PnP ACPI: found 7 devices
[    1.489834] clocksource: acpi_pm: mask: 0xffffff max_cycles: 0xffffff, max_idle_ns: 2085701024 ns
[    1.490016] NET: Registered PF_INET protocol family
[    1.492149] IP idents hash table entries: 65536 (order: 7, 524288 bytes, linear)
[    1.503086] tcp_listen_portaddr_hash hash table entries: 2048 (order: 3, 32768 bytes, linear)
[    1.504332] Table-perturb hash table entries: 65536 (order: 6, 262144 bytes, linear)
[    1.505815] TCP established hash table entries: 32768 (order: 6, 262144 bytes, linear)
[    1.508581] TCP bind hash table entries: 32768 (order: 7, 524288 bytes, linear)
[    1.508625] TCP: Hash tables configured (established 32768 bind 32768)
[    1.510791] MPTCP token hash table entries: 4096 (order: 4, 98304 bytes, linear)
[    1.511065] UDP hash table entries: 2048 (order: 4, 65536 bytes, linear)
[    1.511436] UDP-Lite hash table entries: 2048 (order: 4, 65536 bytes, linear)
[    1.512500] NET: Registered PF_UNIX/PF_LOCAL protocol family
[    1.512506] NET: Registered PF_XDP protocol family
[    1.512521] pci 0000:00:15.3: bridge window [io  0x1000-0x0fff] to [bus 06] add_size 1000
[    1.512524] pci 0000:00:15.4: bridge window [io  0x1000-0x0fff] to [bus 07] add_size 1000
[    1.512526] pci 0000:00:15.5: bridge window [io  0x1000-0x0fff] to [bus 08] add_size 1000
[    1.512528] pci 0000:00:15.6: bridge window [io  0x1000-0x0fff] to [bus 09] add_size 1000
[    1.512529] pci 0000:00:15.7: bridge window [io  0x1000-0x0fff] to [bus 0a] add_size 1000
[    1.512531] pci 0000:00:16.3: bridge window [io  0x1000-0x0fff] to [bus 0e] add_size 1000
[    1.512533] pci 0000:00:16.4: bridge window [io  0x1000-0x0fff] to [bus 0f] add_size 1000
[    1.512534] pci 0000:00:16.5: bridge window [io  0x1000-0x0fff] to [bus 10] add_size 1000
[    1.512536] pci 0000:00:16.6: bridge window [io  0x1000-0x0fff] to [bus 11] add_size 1000
[    1.512537] pci 0000:00:16.7: bridge window [io  0x1000-0x0fff] to [bus 12] add_size 1000
[    1.512539] pci 0000:00:17.3: bridge window [io  0x1000-0x0fff] to [bus 16] add_size 1000
[    1.512541] pci 0000:00:17.4: bridge window [io  0x1000-0x0fff] to [bus 17] add_size 1000
[    1.512542] pci 0000:00:17.5: bridge window [io  0x1000-0x0fff] to [bus 18] add_size 1000
[    1.512543] pci 0000:00:17.6: bridge window [io  0x1000-0x0fff] to [bus 19] add_size 1000
[    1.512545] pci 0000:00:17.7: bridge window [io  0x1000-0x0fff] to [bus 1a] add_size 1000
[    1.512547] pci 0000:00:18.2: bridge window [io  0x1000-0x0fff] to [bus 1d] add_size 1000
[    1.512548] pci 0000:00:18.3: bridge window [io  0x1000-0x0fff] to [bus 1e] add_size 1000
[    1.512550] pci 0000:00:18.4: bridge window [io  0x1000-0x0fff] to [bus 1f] add_size 1000
[    1.512551] pci 0000:00:18.5: bridge window [io  0x1000-0x0fff] to [bus 20] add_size 1000
[    1.512552] pci 0000:00:18.6: bridge window [io  0x1000-0x0fff] to [bus 21] add_size 1000
[    1.512554] pci 0000:00:18.7: bridge window [io  0x1000-0x0fff] to [bus 22] add_size 1000
[    1.512567] pci 0000:00:10.0: BAR 6: assigned [mem 0xc0000000-0xc0003fff pref]
[    1.512571] pci 0000:00:15.3: BAR 13: no space for [io  size 0x1000]
[    1.512572] pci 0000:00:15.3: BAR 13: failed to assign [io  size 0x1000]
[    1.512574] pci 0000:00:15.4: BAR 13: no space for [io  size 0x1000]
[    1.512575] pci 0000:00:15.4: BAR 13: failed to assign [io  size 0x1000]
[    1.512577] pci 0000:00:15.5: BAR 13: no space for [io  size 0x1000]
[    1.512578] pci 0000:00:15.5: BAR 13: failed to assign [io  size 0x1000]
[    1.512580] pci 0000:00:15.6: BAR 13: no space for [io  size 0x1000]
[    1.512581] pci 0000:00:15.6: BAR 13: failed to assign [io  size 0x1000]
[    1.512583] pci 0000:00:15.7: BAR 13: no space for [io  size 0x1000]
[    1.512584] pci 0000:00:15.7: BAR 13: failed to assign [io  size 0x1000]
[    1.512586] pci 0000:00:16.3: BAR 13: no space for [io  size 0x1000]
[    1.512587] pci 0000:00:16.3: BAR 13: failed to assign [io  size 0x1000]
[    1.512589] pci 0000:00:16.4: BAR 13: no space for [io  size 0x1000]
[    1.512590] pci 0000:00:16.4: BAR 13: failed to assign [io  size 0x1000]
[    1.512591] pci 0000:00:16.5: BAR 13: no space for [io  size 0x1000]
[    1.512593] pci 0000:00:16.5: BAR 13: failed to assign [io  size 0x1000]
[    1.512594] pci 0000:00:16.6: BAR 13: no space for [io  size 0x1000]
[    1.512595] pci 0000:00:16.6: BAR 13: failed to assign [io  size 0x1000]
[    1.512597] pci 0000:00:16.7: BAR 13: no space for [io  size 0x1000]
[    1.512598] pci 0000:00:16.7: BAR 13: failed to assign [io  size 0x1000]
[    1.512600] pci 0000:00:17.3: BAR 13: no space for [io  size 0x1000]
[    1.512601] pci 0000:00:17.3: BAR 13: failed to assign [io  size 0x1000]
[    1.512603] pci 0000:00:17.4: BAR 13: no space for [io  size 0x1000]
[    1.512604] pci 0000:00:17.4: BAR 13: failed to assign [io  size 0x1000]
[    1.512605] pci 0000:00:17.5: BAR 13: no space for [io  size 0x1000]
[    1.512606] pci 0000:00:17.5: BAR 13: failed to assign [io  size 0x1000]
[    1.512608] pci 0000:00:17.6: BAR 13: no space for [io  size 0x1000]
[    1.512609] pci 0000:00:17.6: BAR 13: failed to assign [io  size 0x1000]
[    1.512611] pci 0000:00:17.7: BAR 13: no space for [io  size 0x1000]
[    1.512612] pci 0000:00:17.7: BAR 13: failed to assign [io  size 0x1000]
[    1.512614] pci 0000:00:18.2: BAR 13: no space for [io  size 0x1000]
[    1.512615] pci 0000:00:18.2: BAR 13: failed to assign [io  size 0x1000]
[    1.512617] pci 0000:00:18.3: BAR 13: no space for [io  size 0x1000]
[    1.512618] pci 0000:00:18.3: BAR 13: failed to assign [io  size 0x1000]
[    1.512619] pci 0000:00:18.4: BAR 13: no space for [io  size 0x1000]
[    1.512621] pci 0000:00:18.4: BAR 13: failed to assign [io  size 0x1000]
[    1.512622] pci 0000:00:18.5: BAR 13: no space for [io  size 0x1000]
[    1.512623] pci 0000:00:18.5: BAR 13: failed to assign [io  size 0x1000]
[    1.512625] pci 0000:00:18.6: BAR 13: no space for [io  size 0x1000]
[    1.512626] pci 0000:00:18.6: BAR 13: failed to assign [io  size 0x1000]
[    1.512628] pci 0000:00:18.7: BAR 13: no space for [io  size 0x1000]
[    1.512629] pci 0000:00:18.7: BAR 13: failed to assign [io  size 0x1000]
[    1.512633] pci 0000:00:18.7: BAR 13: no space for [io  size 0x1000]
[    1.512634] pci 0000:00:18.7: BAR 13: failed to assign [io  size 0x1000]
[    1.512636] pci 0000:00:18.6: BAR 13: no space for [io  size 0x1000]
[    1.512637] pci 0000:00:18.6: BAR 13: failed to assign [io  size 0x1000]
[    1.512639] pci 0000:00:18.5: BAR 13: no space for [io  size 0x1000]
[    1.512640] pci 0000:00:18.5: BAR 13: failed to assign [io  size 0x1000]
[    1.512642] pci 0000:00:18.4: BAR 13: no space for [io  size 0x1000]
[    1.512643] pci 0000:00:18.4: BAR 13: failed to assign [io  size 0x1000]
[    1.512645] pci 0000:00:18.3: BAR 13: no space for [io  size 0x1000]
[    1.512646] pci 0000:00:18.3: BAR 13: failed to assign [io  size 0x1000]
[    1.512647] pci 0000:00:18.2: BAR 13: no space for [io  size 0x1000]
[    1.512648] pci 0000:00:18.2: BAR 13: failed to assign [io  size 0x1000]
[    1.512651] pci 0000:00:17.7: BAR 13: no space for [io  size 0x1000]
[    1.512652] pci 0000:00:17.7: BAR 13: failed to assign [io  size 0x1000]
[    1.512653] pci 0000:00:17.6: BAR 13: no space for [io  size 0x1000]
[    1.512654] pci 0000:00:17.6: BAR 13: failed to assign [io  size 0x1000]
[    1.512656] pci 0000:00:17.5: BAR 13: no space for [io  size 0x1000]
[    1.512657] pci 0000:00:17.5: BAR 13: failed to assign [io  size 0x1000]
[    1.512659] pci 0000:00:17.4: BAR 13: no space for [io  size 0x1000]
[    1.512660] pci 0000:00:17.4: BAR 13: failed to assign [io  size 0x1000]
[    1.512662] pci 0000:00:17.3: BAR 13: no space for [io  size 0x1000]
[    1.512663] pci 0000:00:17.3: BAR 13: failed to assign [io  size 0x1000]
[    1.512665] pci 0000:00:16.7: BAR 13: no space for [io  size 0x1000]
[    1.512666] pci 0000:00:16.7: BAR 13: failed to assign [io  size 0x1000]
[    1.512667] pci 0000:00:16.6: BAR 13: no space for [io  size 0x1000]
[    1.512668] pci 0000:00:16.6: BAR 13: failed to assign [io  size 0x1000]
[    1.512670] pci 0000:00:16.5: BAR 13: no space for [io  size 0x1000]
[    1.512671] pci 0000:00:16.5: BAR 13: failed to assign [io  size 0x1000]
[    1.512673] pci 0000:00:16.4: BAR 13: no space for [io  size 0x1000]
[    1.512674] pci 0000:00:16.4: BAR 13: failed to assign [io  size 0x1000]
[    1.512676] pci 0000:00:16.3: BAR 13: no space for [io  size 0x1000]
[    1.512677] pci 0000:00:16.3: BAR 13: failed to assign [io  size 0x1000]
[    1.512679] pci 0000:00:15.7: BAR 13: no space for [io  size 0x1000]
[    1.512680] pci 0000:00:15.7: BAR 13: failed to assign [io  size 0x1000]
[    1.512681] pci 0000:00:15.6: BAR 13: no space for [io  size 0x1000]
[    1.512682] pci 0000:00:15.6: BAR 13: failed to assign [io  size 0x1000]
[    1.512684] pci 0000:00:15.5: BAR 13: no space for [io  size 0x1000]
[    1.512685] pci 0000:00:15.5: BAR 13: failed to assign [io  size 0x1000]
[    1.512687] pci 0000:00:15.4: BAR 13: no space for [io  size 0x1000]
[    1.512688] pci 0000:00:15.4: BAR 13: failed to assign [io  size 0x1000]
[    1.512690] pci 0000:00:15.3: BAR 13: no space for [io  size 0x1000]
[    1.512691] pci 0000:00:15.3: BAR 13: failed to assign [io  size 0x1000]
[    1.512693] pci 0000:00:01.0: PCI bridge to [bus 01]
[    1.512789] pci 0000:02:01.0: BAR 6: assigned [mem 0xfd500000-0xfd50ffff pref]
[    1.512792] pci 0000:02:05.0: BAR 6: assigned [mem 0xfd510000-0xfd51ffff pref]
[    1.512793] pci 0000:00:11.0: PCI bridge to [bus 02]
[    1.512806] pci 0000:00:11.0:   bridge window [io  0x2000-0x3fff]
[    1.512836] pci 0000:00:11.0:   bridge window [mem 0xfd500000-0xfdffffff]
[    1.512857] pci 0000:00:11.0:   bridge window [mem 0xe7b00000-0xe7ffffff 64bit pref]
[    1.512896] pci 0000:00:15.0: PCI bridge to [bus 03]
[    1.512907] pci 0000:00:15.0:   bridge window [io  0x4000-0x4fff]
[    1.512937] pci 0000:00:15.0:   bridge window [mem 0xfd400000-0xfd4fffff]
[    1.512958] pci 0000:00:15.0:   bridge window [mem 0xe7a00000-0xe7afffff 64bit pref]
[    1.513022] pci 0000:00:15.1: PCI bridge to [bus 04]
[    1.513034] pci 0000:00:15.1:   bridge window [io  0x8000-0x8fff]
[    1.513064] pci 0000:00:15.1:   bridge window [mem 0xfd000000-0xfd0fffff]
[    1.513085] pci 0000:00:15.1:   bridge window [mem 0xe7600000-0xe76fffff 64bit pref]
[    1.513134] pci 0000:00:15.2: PCI bridge to [bus 05]
[    1.513145] pci 0000:00:15.2:   bridge window [io  0xc000-0xcfff]
[    1.513175] pci 0000:00:15.2:   bridge window [mem 0xfcc00000-0xfccfffff]
[    1.513196] pci 0000:00:15.2:   bridge window [mem 0xe7200000-0xe72fffff 64bit pref]
[    1.513244] pci 0000:00:15.3: PCI bridge to [bus 06]
[    1.513274] pci 0000:00:15.3:   bridge window [mem 0xfc800000-0xfc8fffff]
[    1.513294] pci 0000:00:15.3:   bridge window [mem 0xe6e00000-0xe6efffff 64bit pref]
[    1.513346] pci 0000:00:15.4: PCI bridge to [bus 07]
[    1.513376] pci 0000:00:15.4:   bridge window [mem 0xfc400000-0xfc4fffff]
[    1.513397] pci 0000:00:15.4:   bridge window [mem 0xe6a00000-0xe6afffff 64bit pref]
[    1.513446] pci 0000:00:15.5: PCI bridge to [bus 08]
[    1.513477] pci 0000:00:15.5:   bridge window [mem 0xfc000000-0xfc0fffff]
[    1.513498] pci 0000:00:15.5:   bridge window [mem 0xe6600000-0xe66fffff 64bit pref]
[    1.513546] pci 0000:00:15.6: PCI bridge to [bus 09]
[    1.513576] pci 0000:00:15.6:   bridge window [mem 0xfbc00000-0xfbcfffff]
[    1.513597] pci 0000:00:15.6:   bridge window [mem 0xe6200000-0xe62fffff 64bit pref]
[    1.513650] pci 0000:00:15.7: PCI bridge to [bus 0a]
[    1.513681] pci 0000:00:15.7:   bridge window [mem 0xfb800000-0xfb8fffff]
[    1.513701] pci 0000:00:15.7:   bridge window [mem 0xe5e00000-0xe5efffff 64bit pref]
[    1.513751] pci 0000:00:16.0: PCI bridge to [bus 0b]
[    1.513763] pci 0000:00:16.0:   bridge window [io  0x5000-0x5fff]
[    1.513793] pci 0000:00:16.0:   bridge window [mem 0xfd300000-0xfd3fffff]
[    1.513813] pci 0000:00:16.0:   bridge window [mem 0xe7900000-0xe79fffff 64bit pref]
[    1.513861] pci 0000:00:16.1: PCI bridge to [bus 0c]
[    1.513873] pci 0000:00:16.1:   bridge window [io  0x9000-0x9fff]
[    1.513903] pci 0000:00:16.1:   bridge window [mem 0xfcf00000-0xfcffffff]
[    1.513924] pci 0000:00:16.1:   bridge window [mem 0xe7500000-0xe75fffff 64bit pref]
[    1.513972] pci 0000:00:16.2: PCI bridge to [bus 0d]
[    1.513984] pci 0000:00:16.2:   bridge window [io  0xd000-0xdfff]
[    1.514013] pci 0000:00:16.2:   bridge window [mem 0xfcb00000-0xfcbfffff]
[    1.514034] pci 0000:00:16.2:   bridge window [mem 0xe7100000-0xe71fffff 64bit pref]
[    1.514082] pci 0000:00:16.3: PCI bridge to [bus 0e]
[    1.514112] pci 0000:00:16.3:   bridge window [mem 0xfc700000-0xfc7fffff]
[    1.514132] pci 0000:00:16.3:   bridge window [mem 0xe6d00000-0xe6dfffff 64bit pref]
[    1.514180] pci 0000:00:16.4: PCI bridge to [bus 0f]
[    1.514210] pci 0000:00:16.4:   bridge window [mem 0xfc300000-0xfc3fffff]
[    1.514230] pci 0000:00:16.4:   bridge window [mem 0xe6900000-0xe69fffff 64bit pref]
[    1.514281] pci 0000:00:16.5: PCI bridge to [bus 10]
[    1.514313] pci 0000:00:16.5:   bridge window [mem 0xfbf00000-0xfbffffff]
[    1.514334] pci 0000:00:16.5:   bridge window [mem 0xe6500000-0xe65fffff 64bit pref]
[    1.514383] pci 0000:00:16.6: PCI bridge to [bus 11]
[    1.514414] pci 0000:00:16.6:   bridge window [mem 0xfbb00000-0xfbbfffff]
[    1.514435] pci 0000:00:16.6:   bridge window [mem 0xe6100000-0xe61fffff 64bit pref]
[    1.514483] pci 0000:00:16.7: PCI bridge to [bus 12]
[    1.514513] pci 0000:00:16.7:   bridge window [mem 0xfb700000-0xfb7fffff]
[    1.514534] pci 0000:00:16.7:   bridge window [mem 0xe5d00000-0xe5dfffff 64bit pref]
[    1.514582] pci 0000:00:17.0: PCI bridge to [bus 13]
[    1.514594] pci 0000:00:17.0:   bridge window [io  0x6000-0x6fff]
[    1.514624] pci 0000:00:17.0:   bridge window [mem 0xfd200000-0xfd2fffff]
[    1.514645] pci 0000:00:17.0:   bridge window [mem 0xe7800000-0xe78fffff 64bit pref]
[    1.514696] pci 0000:00:17.1: PCI bridge to [bus 14]
[    1.514708] pci 0000:00:17.1:   bridge window [io  0xa000-0xafff]
[    1.514755] pci 0000:00:17.1:   bridge window [mem 0xfce00000-0xfcefffff]
[    1.514775] pci 0000:00:17.1:   bridge window [mem 0xe7400000-0xe74fffff 64bit pref]
[    1.514825] pci 0000:00:17.2: PCI bridge to [bus 15]
[    1.514837] pci 0000:00:17.2:   bridge window [io  0xe000-0xefff]
[    1.514867] pci 0000:00:17.2:   bridge window [mem 0xfca00000-0xfcafffff]
[    1.514887] pci 0000:00:17.2:   bridge window [mem 0xe7000000-0xe70fffff 64bit pref]
[    1.514935] pci 0000:00:17.3: PCI bridge to [bus 16]
[    1.514965] pci 0000:00:17.3:   bridge window [mem 0xfc600000-0xfc6fffff]
[    1.514985] pci 0000:00:17.3:   bridge window [mem 0xe6c00000-0xe6cfffff 64bit pref]
[    1.515033] pci 0000:00:17.4: PCI bridge to [bus 17]
[    1.515063] pci 0000:00:17.4:   bridge window [mem 0xfc200000-0xfc2fffff]
[    1.515083] pci 0000:00:17.4:   bridge window [mem 0xe6800000-0xe68fffff 64bit pref]
[    1.515131] pci 0000:00:17.5: PCI bridge to [bus 18]
[    1.515161] pci 0000:00:17.5:   bridge window [mem 0xfbe00000-0xfbefffff]
[    1.515181] pci 0000:00:17.5:   bridge window [mem 0xe6400000-0xe64fffff 64bit pref]
[    1.515229] pci 0000:00:17.6: PCI bridge to [bus 19]
[    1.515259] pci 0000:00:17.6:   bridge window [mem 0xfba00000-0xfbafffff]
[    1.515279] pci 0000:00:17.6:   bridge window [mem 0xe6000000-0xe60fffff 64bit pref]
[    1.515330] pci 0000:00:17.7: PCI bridge to [bus 1a]
[    1.515360] pci 0000:00:17.7:   bridge window [mem 0xfb600000-0xfb6fffff]
[    1.515381] pci 0000:00:17.7:   bridge window [mem 0xe5c00000-0xe5cfffff 64bit pref]
[    1.515429] pci 0000:00:18.0: PCI bridge to [bus 1b]
[    1.515441] pci 0000:00:18.0:   bridge window [io  0x7000-0x7fff]
[    1.515470] pci 0000:00:18.0:   bridge window [mem 0xfd100000-0xfd1fffff]
[    1.515490] pci 0000:00:18.0:   bridge window [mem 0xe7700000-0xe77fffff 64bit pref]
[    1.515538] pci 0000:00:18.1: PCI bridge to [bus 1c]
[    1.515551] pci 0000:00:18.1:   bridge window [io  0xb000-0xbfff]
[    1.515580] pci 0000:00:18.1:   bridge window [mem 0xfcd00000-0xfcdfffff]
[    1.515601] pci 0000:00:18.1:   bridge window [mem 0xe7300000-0xe73fffff 64bit pref]
[    1.515649] pci 0000:00:18.2: PCI bridge to [bus 1d]
[    1.515679] pci 0000:00:18.2:   bridge window [mem 0xfc900000-0xfc9fffff]
[    1.515699] pci 0000:00:18.2:   bridge window [mem 0xe6f00000-0xe6ffffff 64bit pref]
[    1.515747] pci 0000:00:18.3: PCI bridge to [bus 1e]
[    1.515777] pci 0000:00:18.3:   bridge window [mem 0xfc500000-0xfc5fffff]
[    1.515797] pci 0000:00:18.3:   bridge window [mem 0xe6b00000-0xe6bfffff 64bit pref]
[    1.515845] pci 0000:00:18.4: PCI bridge to [bus 1f]
[    1.515875] pci 0000:00:18.4:   bridge window [mem 0xfc100000-0xfc1fffff]
[    1.515896] pci 0000:00:18.4:   bridge window [mem 0xe6700000-0xe67fffff 64bit pref]
[    1.515943] pci 0000:00:18.5: PCI bridge to [bus 20]
[    1.515973] pci 0000:00:18.5:   bridge window [mem 0xfbd00000-0xfbdfffff]
[    1.515994] pci 0000:00:18.5:   bridge window [mem 0xe6300000-0xe63fffff 64bit pref]
[    1.516041] pci 0000:00:18.6: PCI bridge to [bus 21]
[    1.516072] pci 0000:00:18.6:   bridge window [mem 0xfb900000-0xfb9fffff]
[    1.516093] pci 0000:00:18.6:   bridge window [mem 0xe5f00000-0xe5ffffff 64bit pref]
[    1.516141] pci 0000:00:18.7: PCI bridge to [bus 22]
[    1.516171] pci 0000:00:18.7:   bridge window [mem 0xfb500000-0xfb5fffff]
[    1.516191] pci 0000:00:18.7:   bridge window [mem 0xe5b00000-0xe5bfffff 64bit pref]
[    1.516241] pci_bus 0000:00: resource 4 [io  0x0000-0x0cf7 window]
[    1.516243] pci_bus 0000:00: resource 5 [io  0x0d00-0xfeff window]
[    1.516244] pci_bus 0000:00: resource 6 [mem 0x000a0000-0x000bffff window]
[    1.516245] pci_bus 0000:00: resource 7 [mem 0x000d0000-0x000dbfff window]
[    1.516246] pci_bus 0000:00: resource 8 [mem 0xc0000000-0xfebfffff window]
[    1.516248] pci_bus 0000:02: resource 0 [io  0x2000-0x3fff]
[    1.516250] pci_bus 0000:02: resource 1 [mem 0xfd500000-0xfdffffff]
[    1.516251] pci_bus 0000:02: resource 2 [mem 0xe7b00000-0xe7ffffff 64bit pref]
[    1.516252] pci_bus 0000:02: resource 4 [io  0x0000-0x0cf7 window]
[    1.516253] pci_bus 0000:02: resource 5 [io  0x0d00-0xfeff window]
[    1.516254] pci_bus 0000:02: resource 6 [mem 0x000a0000-0x000bffff window]
[    1.516255] pci_bus 0000:02: resource 7 [mem 0x000d0000-0x000dbfff window]
[    1.516256] pci_bus 0000:02: resource 8 [mem 0xc0000000-0xfebfffff window]
[    1.516258] pci_bus 0000:03: resource 0 [io  0x4000-0x4fff]
[    1.516259] pci_bus 0000:03: resource 1 [mem 0xfd400000-0xfd4fffff]
[    1.516260] pci_bus 0000:03: resource 2 [mem 0xe7a00000-0xe7afffff 64bit pref]
[    1.516262] pci_bus 0000:04: resource 0 [io  0x8000-0x8fff]
[    1.516263] pci_bus 0000:04: resource 1 [mem 0xfd000000-0xfd0fffff]
[    1.516264] pci_bus 0000:04: resource 2 [mem 0xe7600000-0xe76fffff 64bit pref]
[    1.516265] pci_bus 0000:05: resource 0 [io  0xc000-0xcfff]
[    1.516266] pci_bus 0000:05: resource 1 [mem 0xfcc00000-0xfccfffff]
[    1.516267] pci_bus 0000:05: resource 2 [mem 0xe7200000-0xe72fffff 64bit pref]
[    1.516269] pci_bus 0000:06: resource 1 [mem 0xfc800000-0xfc8fffff]
[    1.516270] pci_bus 0000:06: resource 2 [mem 0xe6e00000-0xe6efffff 64bit pref]
[    1.516271] pci_bus 0000:07: resource 1 [mem 0xfc400000-0xfc4fffff]
[    1.516272] pci_bus 0000:07: resource 2 [mem 0xe6a00000-0xe6afffff 64bit pref]
[    1.516274] pci_bus 0000:08: resource 1 [mem 0xfc000000-0xfc0fffff]
[    1.516275] pci_bus 0000:08: resource 2 [mem 0xe6600000-0xe66fffff 64bit pref]
[    1.516276] pci_bus 0000:09: resource 1 [mem 0xfbc00000-0xfbcfffff]
[    1.516277] pci_bus 0000:09: resource 2 [mem 0xe6200000-0xe62fffff 64bit pref]
[    1.516278] pci_bus 0000:0a: resource 1 [mem 0xfb800000-0xfb8fffff]
[    1.516280] pci_bus 0000:0a: resource 2 [mem 0xe5e00000-0xe5efffff 64bit pref]
[    1.516281] pci_bus 0000:0b: resource 0 [io  0x5000-0x5fff]
[    1.516282] pci_bus 0000:0b: resource 1 [mem 0xfd300000-0xfd3fffff]
[    1.516283] pci_bus 0000:0b: resource 2 [mem 0xe7900000-0xe79fffff 64bit pref]
[    1.516284] pci_bus 0000:0c: resource 0 [io  0x9000-0x9fff]
[    1.516285] pci_bus 0000:0c: resource 1 [mem 0xfcf00000-0xfcffffff]
[    1.516287] pci_bus 0000:0c: resource 2 [mem 0xe7500000-0xe75fffff 64bit pref]
[    1.516288] pci_bus 0000:0d: resource 0 [io  0xd000-0xdfff]
[    1.516289] pci_bus 0000:0d: resource 1 [mem 0xfcb00000-0xfcbfffff]
[    1.516290] pci_bus 0000:0d: resource 2 [mem 0xe7100000-0xe71fffff 64bit pref]
[    1.516291] pci_bus 0000:0e: resource 1 [mem 0xfc700000-0xfc7fffff]
[    1.516292] pci_bus 0000:0e: resource 2 [mem 0xe6d00000-0xe6dfffff 64bit pref]
[    1.516294] pci_bus 0000:0f: resource 1 [mem 0xfc300000-0xfc3fffff]
[    1.516296] pci_bus 0000:0f: resource 2 [mem 0xe6900000-0xe69fffff 64bit pref]
[    1.516298] pci_bus 0000:10: resource 1 [mem 0xfbf00000-0xfbffffff]
[    1.516299] pci_bus 0000:10: resource 2 [mem 0xe6500000-0xe65fffff 64bit pref]
[    1.516301] pci_bus 0000:11: resource 1 [mem 0xfbb00000-0xfbbfffff]
[    1.516302] pci_bus 0000:11: resource 2 [mem 0xe6100000-0xe61fffff 64bit pref]
[    1.516304] pci_bus 0000:12: resource 1 [mem 0xfb700000-0xfb7fffff]
[    1.516305] pci_bus 0000:12: resource 2 [mem 0xe5d00000-0xe5dfffff 64bit pref]
[    1.516307] pci_bus 0000:13: resource 0 [io  0x6000-0x6fff]
[    1.516308] pci_bus 0000:13: resource 1 [mem 0xfd200000-0xfd2fffff]
[    1.516309] pci_bus 0000:13: resource 2 [mem 0xe7800000-0xe78fffff 64bit pref]
[    1.516310] pci_bus 0000:14: resource 0 [io  0xa000-0xafff]
[    1.516311] pci_bus 0000:14: resource 1 [mem 0xfce00000-0xfcefffff]
[    1.516312] pci_bus 0000:14: resource 2 [mem 0xe7400000-0xe74fffff 64bit pref]
[    1.516314] pci_bus 0000:15: resource 0 [io  0xe000-0xefff]
[    1.516315] pci_bus 0000:15: resource 1 [mem 0xfca00000-0xfcafffff]
[    1.516316] pci_bus 0000:15: resource 2 [mem 0xe7000000-0xe70fffff 64bit pref]
[    1.516317] pci_bus 0000:16: resource 1 [mem 0xfc600000-0xfc6fffff]
[    1.516319] pci_bus 0000:16: resource 2 [mem 0xe6c00000-0xe6cfffff 64bit pref]
[    1.516320] pci_bus 0000:17: resource 1 [mem 0xfc200000-0xfc2fffff]
[    1.516321] pci_bus 0000:17: resource 2 [mem 0xe6800000-0xe68fffff 64bit pref]
[    1.516322] pci_bus 0000:18: resource 1 [mem 0xfbe00000-0xfbefffff]
[    1.516323] pci_bus 0000:18: resource 2 [mem 0xe6400000-0xe64fffff 64bit pref]
[    1.516325] pci_bus 0000:19: resource 1 [mem 0xfba00000-0xfbafffff]
[    1.516326] pci_bus 0000:19: resource 2 [mem 0xe6000000-0xe60fffff 64bit pref]
[    1.516327] pci_bus 0000:1a: resource 1 [mem 0xfb600000-0xfb6fffff]
[    1.516328] pci_bus 0000:1a: resource 2 [mem 0xe5c00000-0xe5cfffff 64bit pref]
[    1.516329] pci_bus 0000:1b: resource 0 [io  0x7000-0x7fff]
[    1.516330] pci_bus 0000:1b: resource 1 [mem 0xfd100000-0xfd1fffff]
[    1.516331] pci_bus 0000:1b: resource 2 [mem 0xe7700000-0xe77fffff 64bit pref]
[    1.516333] pci_bus 0000:1c: resource 0 [io  0xb000-0xbfff]
[    1.516334] pci_bus 0000:1c: resource 1 [mem 0xfcd00000-0xfcdfffff]
[    1.516335] pci_bus 0000:1c: resource 2 [mem 0xe7300000-0xe73fffff 64bit pref]
[    1.516336] pci_bus 0000:1d: resource 1 [mem 0xfc900000-0xfc9fffff]
[    1.516337] pci_bus 0000:1d: resource 2 [mem 0xe6f00000-0xe6ffffff 64bit pref]
[    1.516338] pci_bus 0000:1e: resource 1 [mem 0xfc500000-0xfc5fffff]
[    1.516340] pci_bus 0000:1e: resource 2 [mem 0xe6b00000-0xe6bfffff 64bit pref]
[    1.516341] pci_bus 0000:1f: resource 1 [mem 0xfc100000-0xfc1fffff]
[    1.516342] pci_bus 0000:1f: resource 2 [mem 0xe6700000-0xe67fffff 64bit pref]
[    1.516344] pci_bus 0000:20: resource 1 [mem 0xfbd00000-0xfbdfffff]
[    1.516345] pci_bus 0000:20: resource 2 [mem 0xe6300000-0xe63fffff 64bit pref]
[    1.516346] pci_bus 0000:21: resource 1 [mem 0xfb900000-0xfb9fffff]
[    1.516347] pci_bus 0000:21: resource 2 [mem 0xe5f00000-0xe5ffffff 64bit pref]
[    1.516348] pci_bus 0000:22: resource 1 [mem 0xfb500000-0xfb5fffff]
[    1.516349] pci_bus 0000:22: resource 2 [mem 0xe5b00000-0xe5bfffff 64bit pref]
[    1.516560] pci 0000:00:00.0: Limiting direct PCI/PCI transfers
[    1.518218] pci 0000:02:01.0: CLS mismatch (32 != 64), using 64 bytes
[    1.519353] Trying to unpack rootfs image as initramfs...
[    1.526746] PCI-DMA: Using software bounce buffering for IO (SWIOTLB)
[    1.526749] software IO TLB: mapped [mem 0x00000000bbed0000-0x00000000bfed0000] (64MB)
[    1.526913] clocksource: tsc: mask: 0xffffffffffffffff max_cycles: 0x1fd3b6211b4, max_idle_ns: 440795230313 ns
[    1.527011] clocksource: Switched to clocksource tsc
[    1.537776] Initialise system trusted keyrings
[    1.537830] Key type blacklist registered
[    1.538168] workingset: timestamp_bits=36 max_order=20 bucket_order=0
[    1.542605] zbud: loaded
[    1.543283] squashfs: version 4.0 (2009/01/31) Phillip Lougher
[    1.546985] fuse: init (API version 7.34)
[    1.547577] integrity: Platform Keyring initialized
[    1.554870] Key type asymmetric registered
[    1.554873] Asymmetric key parser 'x509' registered
[    1.554908] Block layer SCSI generic (bsg) driver version 0.4 loaded (major 243)
[    1.561898] io scheduler mq-deadline registered
[    1.563163] pcieport 0000:00:15.0: PME: Signaling with IRQ 24
[    1.563277] pcieport 0000:00:15.0: pciehp: Slot #160 AttnBtn+ PwrCtrl+ MRL- AttnInd- PwrInd- HotPlug+ Surprise- Interlock- NoCompl+ IbPresDis- LLActRep+
[    1.564226] pcieport 0000:00:15.1: PME: Signaling with IRQ 25
[    1.564407] pcieport 0000:00:15.1: pciehp: Slot #161 AttnBtn+ PwrCtrl+ MRL- AttnInd- PwrInd- HotPlug+ Surprise- Interlock- NoCompl+ IbPresDis- LLActRep+
[    1.565446] pcieport 0000:00:15.2: PME: Signaling with IRQ 26
[    1.565612] pcieport 0000:00:15.2: pciehp: Slot #162 AttnBtn+ PwrCtrl+ MRL- AttnInd- PwrInd- HotPlug+ Surprise- Interlock- NoCompl+ IbPresDis- LLActRep+
[    1.566646] pcieport 0000:00:15.3: PME: Signaling with IRQ 27
[    1.566741] pcieport 0000:00:15.3: pciehp: Slot #163 AttnBtn+ PwrCtrl+ MRL- AttnInd- PwrInd- HotPlug+ Surprise- Interlock- NoCompl+ IbPresDis- LLActRep+
[    1.567753] pcieport 0000:00:15.4: PME: Signaling with IRQ 28
[    1.567839] pcieport 0000:00:15.4: pciehp: Slot #164 AttnBtn+ PwrCtrl+ MRL- AttnInd- PwrInd- HotPlug+ Surprise- Interlock- NoCompl+ IbPresDis- LLActRep+
[    1.569050] pcieport 0000:00:15.5: PME: Signaling with IRQ 29
[    1.569159] pcieport 0000:00:15.5: pciehp: Slot #165 AttnBtn+ PwrCtrl+ MRL- AttnInd- PwrInd- HotPlug+ Surprise- Interlock- NoCompl+ IbPresDis- LLActRep+
[    1.570141] pcieport 0000:00:15.6: PME: Signaling with IRQ 30
[    1.570277] pcieport 0000:00:15.6: pciehp: Slot #166 AttnBtn+ PwrCtrl+ MRL- AttnInd- PwrInd- HotPlug+ Surprise- Interlock- NoCompl+ IbPresDis- LLActRep+
[    1.571397] pcieport 0000:00:15.7: PME: Signaling with IRQ 31
[    1.571493] pcieport 0000:00:15.7: pciehp: Slot #167 AttnBtn+ PwrCtrl+ MRL- AttnInd- PwrInd- HotPlug+ Surprise- Interlock- NoCompl+ IbPresDis- LLActRep+
[    1.572942] pcieport 0000:00:16.0: PME: Signaling with IRQ 32
[    1.573038] pcieport 0000:00:16.0: pciehp: Slot #192 AttnBtn+ PwrCtrl+ MRL- AttnInd- PwrInd- HotPlug+ Surprise- Interlock- NoCompl+ IbPresDis- LLActRep+
[    1.574764] pcieport 0000:00:16.1: PME: Signaling with IRQ 33
[    1.574884] pcieport 0000:00:16.1: pciehp: Slot #193 AttnBtn+ PwrCtrl+ MRL- AttnInd- PwrInd- HotPlug+ Surprise- Interlock- NoCompl+ IbPresDis- LLActRep+
[    1.575942] pcieport 0000:00:16.2: PME: Signaling with IRQ 34
[    1.576147] pcieport 0000:00:16.2: pciehp: Slot #194 AttnBtn+ PwrCtrl+ MRL- AttnInd- PwrInd- HotPlug+ Surprise- Interlock- NoCompl+ IbPresDis- LLActRep+
[    1.577143] pcieport 0000:00:16.3: PME: Signaling with IRQ 35
[    1.577251] pcieport 0000:00:16.3: pciehp: Slot #195 AttnBtn+ PwrCtrl+ MRL- AttnInd- PwrInd- HotPlug+ Surprise- Interlock- NoCompl+ IbPresDis- LLActRep+
[    1.578267] pcieport 0000:00:16.4: PME: Signaling with IRQ 36
[    1.578352] pcieport 0000:00:16.4: pciehp: Slot #196 AttnBtn+ PwrCtrl+ MRL- AttnInd- PwrInd- HotPlug+ Surprise- Interlock- NoCompl+ IbPresDis- LLActRep+
[    1.579488] pcieport 0000:00:16.5: PME: Signaling with IRQ 37
[    1.579574] pcieport 0000:00:16.5: pciehp: Slot #197 AttnBtn+ PwrCtrl+ MRL- AttnInd- PwrInd- HotPlug+ Surprise- Interlock- NoCompl+ IbPresDis- LLActRep+
[    1.580656] pcieport 0000:00:16.6: PME: Signaling with IRQ 38
[    1.580742] pcieport 0000:00:16.6: pciehp: Slot #198 AttnBtn+ PwrCtrl+ MRL- AttnInd- PwrInd- HotPlug+ Surprise- Interlock- NoCompl+ IbPresDis- LLActRep+
[    1.581774] pcieport 0000:00:16.7: PME: Signaling with IRQ 39
[    1.581861] pcieport 0000:00:16.7: pciehp: Slot #199 AttnBtn+ PwrCtrl+ MRL- AttnInd- PwrInd- HotPlug+ Surprise- Interlock- NoCompl+ IbPresDis- LLActRep+
[    1.582939] pcieport 0000:00:17.0: PME: Signaling with IRQ 40
[    1.583048] pcieport 0000:00:17.0: pciehp: Slot #224 AttnBtn+ PwrCtrl+ MRL- AttnInd- PwrInd- HotPlug+ Surprise- Interlock- NoCompl+ IbPresDis- LLActRep+
[    1.584041] pcieport 0000:00:17.1: PME: Signaling with IRQ 41
[    1.584184] pcieport 0000:00:17.1: pciehp: Slot #225 AttnBtn+ PwrCtrl+ MRL- AttnInd- PwrInd- HotPlug+ Surprise- Interlock- NoCompl+ IbPresDis- LLActRep+
[    1.585182] pcieport 0000:00:17.2: PME: Signaling with IRQ 42
[    1.585362] pcieport 0000:00:17.2: pciehp: Slot #226 AttnBtn+ PwrCtrl+ MRL- AttnInd- PwrInd- HotPlug+ Surprise- Interlock- NoCompl+ IbPresDis- LLActRep+
[    1.586427] pcieport 0000:00:17.3: PME: Signaling with IRQ 43
[    1.586516] pcieport 0000:00:17.3: pciehp: Slot #227 AttnBtn+ PwrCtrl+ MRL- AttnInd- PwrInd- HotPlug+ Surprise- Interlock- NoCompl+ IbPresDis- LLActRep+
[    1.588108] pcieport 0000:00:17.4: PME: Signaling with IRQ 44
[    1.588208] pcieport 0000:00:17.4: pciehp: Slot #228 AttnBtn+ PwrCtrl+ MRL- AttnInd- PwrInd- HotPlug+ Surprise- Interlock- NoCompl+ IbPresDis- LLActRep+
[    1.589556] pcieport 0000:00:17.5: PME: Signaling with IRQ 45
[    1.589921] pcieport 0000:00:17.5: pciehp: Slot #229 AttnBtn+ PwrCtrl+ MRL- AttnInd- PwrInd- HotPlug+ Surprise- Interlock- NoCompl+ IbPresDis- LLActRep+
[    1.591497] pcieport 0000:00:17.6: PME: Signaling with IRQ 46
[    1.591633] pcieport 0000:00:17.6: pciehp: Slot #230 AttnBtn+ PwrCtrl+ MRL- AttnInd- PwrInd- HotPlug+ Surprise- Interlock- NoCompl+ IbPresDis- LLActRep+
[    1.592676] pcieport 0000:00:17.7: PME: Signaling with IRQ 47
[    1.592767] pcieport 0000:00:17.7: pciehp: Slot #231 AttnBtn+ PwrCtrl+ MRL- AttnInd- PwrInd- HotPlug+ Surprise- Interlock- NoCompl+ IbPresDis- LLActRep+
[    1.593877] pcieport 0000:00:18.0: PME: Signaling with IRQ 48
[    1.593964] pcieport 0000:00:18.0: pciehp: Slot #256 AttnBtn+ PwrCtrl+ MRL- AttnInd- PwrInd- HotPlug+ Surprise- Interlock- NoCompl+ IbPresDis- LLActRep+
[    1.595166] pcieport 0000:00:18.1: PME: Signaling with IRQ 49
[    1.595273] pcieport 0000:00:18.1: pciehp: Slot #257 AttnBtn+ PwrCtrl+ MRL- AttnInd- PwrInd- HotPlug+ Surprise- Interlock- NoCompl+ IbPresDis- LLActRep+
[    1.596367] pcieport 0000:00:18.2: PME: Signaling with IRQ 50
[    1.596561] pcieport 0000:00:18.2: pciehp: Slot #258 AttnBtn+ PwrCtrl+ MRL- AttnInd- PwrInd- HotPlug+ Surprise- Interlock- NoCompl+ IbPresDis- LLActRep+
[    1.597628] pcieport 0000:00:18.3: PME: Signaling with IRQ 51
[    1.597737] pcieport 0000:00:18.3: pciehp: Slot #259 AttnBtn+ PwrCtrl+ MRL- AttnInd- PwrInd- HotPlug+ Surprise- Interlock- NoCompl+ IbPresDis- LLActRep+
[    1.598777] pcieport 0000:00:18.4: PME: Signaling with IRQ 52
[    1.598864] pcieport 0000:00:18.4: pciehp: Slot #260 AttnBtn+ PwrCtrl+ MRL- AttnInd- PwrInd- HotPlug+ Surprise- Interlock- NoCompl+ IbPresDis- LLActRep+
[    1.599911] pcieport 0000:00:18.5: PME: Signaling with IRQ 53
[    1.599996] pcieport 0000:00:18.5: pciehp: Slot #261 AttnBtn+ PwrCtrl+ MRL- AttnInd- PwrInd- HotPlug+ Surprise- Interlock- NoCompl+ IbPresDis- LLActRep+
[    1.601220] pcieport 0000:00:18.6: PME: Signaling with IRQ 54
[    1.601306] pcieport 0000:00:18.6: pciehp: Slot #262 AttnBtn+ PwrCtrl+ MRL- AttnInd- PwrInd- HotPlug+ Surprise- Interlock- NoCompl+ IbPresDis- LLActRep+
[    1.602301] pcieport 0000:00:18.7: PME: Signaling with IRQ 55
[    1.602385] pcieport 0000:00:18.7: pciehp: Slot #263 AttnBtn+ PwrCtrl+ MRL- AttnInd- PwrInd- HotPlug+ Surprise- Interlock- NoCompl+ IbPresDis- LLActRep+
[    1.603118] shpchp: Standard Hot Plug PCI Controller Driver version: 0.4
[    1.603749] ACPI: AC: AC Adapter [ACAD] (on-line)
[    1.604037] input: Power Button as /devices/LNXSYSTM:00/LNXPWRBN:00/input/input0
[    1.604119] ACPI: button: Power Button [PWRF]
[    1.605630] Serial: 8250/16550 driver, 32 ports, IRQ sharing enabled
[    1.629128] 00:05: ttyS0 at I/O 0x3f8 (irq = 4, base_baud = 115200) is a 16550A
[    1.677525] Linux agpgart interface v0.103
[    1.677617] agpgart-intel 0000:00:00.0: Intel 440BX Chipset
[    1.679704] agpgart-intel 0000:00:00.0: AGP aperture is 256M @ 0x0
[    1.739876] loop: module loaded
[    1.740406] ata_piix 0000:00:07.1: version 2.13
[    1.747470] scsi host0: ata_piix
[    1.748054] scsi host1: ata_piix
[    1.748173] ata1: PATA max UDMA/33 cmd 0x1f0 ctl 0x3f6 bmdma 0x1060 irq 14
[    1.748175] ata2: PATA max UDMA/33 cmd 0x170 ctl 0x376 bmdma 0x1068 irq 15
[    1.748457] tun: Universal TUN/TAP device driver, 1.6
[    1.748780] PPP generic driver version 2.4.2
[    1.749085] VFIO - User Level meta-driver version: 0.3
[    1.749398] ehci_hcd: USB 2.0 'Enhanced' Host Controller (EHCI) Driver
[    1.749403] ehci-pci: EHCI PCI platform driver
[    1.749904] ehci-pci 0000:02:03.0: EHCI Host Controller
[    1.749909] ehci-pci 0000:02:03.0: new USB bus registered, assigned bus number 1
[    1.750135] ehci-pci 0000:02:03.0: irq 17, io mem 0xfd5ef000
[    1.765420] ehci-pci 0000:02:03.0: USB 2.0 started, EHCI 1.00
[    1.765486] usb usb1: New USB device found, idVendor=1d6b, idProduct=0002, bcdDevice= 5.15
[    1.765489] usb usb1: New USB device strings: Mfr=3, Product=2, SerialNumber=1
[    1.765491] usb usb1: Product: EHCI Host Controller
[    1.765492] usb usb1: Manufacturer: Linux 5.15.0-78-generic ehci_hcd
[    1.765493] usb usb1: SerialNumber: 0000:02:03.0
[    1.765714] hub 1-0:1.0: USB hub found
[    1.765719] hub 1-0:1.0: 6 ports detected
[    1.766220] ehci-platform: EHCI generic platform driver
[    1.766231] ohci_hcd: USB 1.1 'Open' Host Controller (OHCI) Driver
[    1.766233] ohci-pci: OHCI PCI platform driver
[    1.766245] ohci-platform: OHCI generic platform driver
[    1.766250] uhci_hcd: USB Universal Host Controller Interface driver
[    1.766971] uhci_hcd 0000:02:00.0: UHCI Host Controller
[    1.766976] uhci_hcd 0000:02:00.0: new USB bus registered, assigned bus number 2
[    1.767018] uhci_hcd 0000:02:00.0: detected 2 ports
[    1.767203] uhci_hcd 0000:02:00.0: irq 18, io base 0x00002080
[    1.767486] usb usb2: New USB device found, idVendor=1d6b, idProduct=0001, bcdDevice= 5.15
[    1.767488] usb usb2: New USB device strings: Mfr=3, Product=2, SerialNumber=1
[    1.767490] usb usb2: Product: UHCI Host Controller
[    1.767491] usb usb2: Manufacturer: Linux 5.15.0-78-generic uhci_hcd
[    1.767492] usb usb2: SerialNumber: 0000:02:00.0
[    1.767712] hub 2-0:1.0: USB hub found
[    1.767718] hub 2-0:1.0: 2 ports detected
[    1.767978] i8042: PNP: PS/2 Controller [PNP0303:KBC,PNP0f13:MOUS] at 0x60,0x64 irq 1,12
[    1.768642] serio: i8042 KBD port at 0x60,0x64 irq 1
[    1.768647] serio: i8042 AUX port at 0x60,0x64 irq 12
[    1.768894] mousedev: PS/2 mouse device common for all mice
[    1.771240] rtc_cmos 00:01: registered as rtc0
[    1.771333] rtc_cmos 00:01: setting system clock to 2023-08-05T11:57:02 UTC (1691236622)
[    1.771457] rtc_cmos 00:01: alarms up to one month, y3k, 114 bytes nvram
[    1.771486] i2c_dev: i2c /dev entries driver
[    1.771600] device-mapper: core: CONFIG_IMA_DISABLE_HTABLE is disabled. Duplicate IMA measurements will not be recorded in the IMA log.
[    1.771714] device-mapper: uevent: version 1.0.3
[    1.771970] device-mapper: ioctl: 4.45.0-ioctl (2021-03-22) initialised: dm-devel@redhat.com
[    1.772062] platform eisa.0: Probing EISA bus 0
[    1.772068] platform eisa.0: EISA: Cannot allocate resource for mainboard
[    1.772070] platform eisa.0: Cannot allocate resource for EISA slot 1
[    1.772071] platform eisa.0: Cannot allocate resource for EISA slot 2
[    1.772072] platform eisa.0: Cannot allocate resource for EISA slot 3
[    1.772073] platform eisa.0: Cannot allocate resource for EISA slot 4
[    1.772074] platform eisa.0: Cannot allocate resource for EISA slot 5
[    1.772075] platform eisa.0: Cannot allocate resource for EISA slot 6
[    1.772076] platform eisa.0: Cannot allocate resource for EISA slot 7
[    1.772077] platform eisa.0: Cannot allocate resource for EISA slot 8
[    1.772078] platform eisa.0: EISA: Detected 0 cards
[    1.772082] intel_pstate: CPU model not supported
[    1.772150] ledtrig-cpu: registered to indicate activity on CPUs
[    1.772273] input: AT Translated Set 2 keyboard as /devices/platform/i8042/serio0/input/input1
[    1.773017] drop_monitor: Initializing network drop monitor service
[    1.773563] NET: Registered PF_INET6 protocol family
[    2.104269] usb 2-1: new full-speed USB device number 2 using uhci_hcd
[    2.285158] usb 2-1: New USB device found, idVendor=0e0f, idProduct=0003, bcdDevice= 1.03
[    2.285163] usb 2-1: New USB device strings: Mfr=1, Product=2, SerialNumber=0
[    2.285164] usb 2-1: Product: VMware Virtual USB Mouse
[    2.285166] usb 2-1: Manufacturer: VMware
[    2.429423] usb 2-2: new full-speed USB device number 3 using uhci_hcd
[    2.598216] Freeing initrd memory: 67792K
[    2.606648] usb 2-2: New USB device found, idVendor=0e0f, idProduct=0002, bcdDevice= 1.00
[    2.606655] usb 2-2: New USB device strings: Mfr=0, Product=1, SerialNumber=0
[    2.606657] usb 2-2: Product: VMware Virtual USB Hub
[    2.607729] Segment Routing with IPv6
[    2.607743] In-situ OAM (IOAM) with IPv6
[    2.607819] NET: Registered PF_PACKET protocol family
[    2.608081] Key type dns_resolver registered
[    2.608528] IPI shorthand broadcast: enabled
[    2.608543] sched_clock: Marking stable (2604510022, 3979137)->(2730706880, -122217721)
[    2.609851] registered taskstats version 1
[    2.610000] Loading compiled-in X.509 certificates
[    2.611235] Loaded X.509 cert 'Build time autogenerated kernel key: ef7ab07a80e0892c613d63220f03d2c7d25e3a85'
[    2.611682] Loaded X.509 cert 'Canonical Ltd. Live Patch Signing: 14df34d1a87cf37625abec039ef2bf521249b969'
[    2.612152] Loaded X.509 cert 'Canonical Ltd. Kernel Module Signing: 88f752e560a1e0737e31163a466ad7b70a850c19'
[    2.612154] blacklist: Loading compiled-in revocation X.509 certificates
[    2.612168] Loaded X.509 cert 'Canonical Ltd. Secure Boot Signing: 61482aa2830d0ab2ad5af10b7250da9033ddcef0'
[    2.612333] Loaded X.509 cert 'Canonical Ltd. Secure Boot Signing (2017): 242ade75ac4a15e50d50c84b0d45ff3eae707a03'
[    2.612360] Loaded X.509 cert 'Canonical Ltd. Secure Boot Signing (ESM 2018): 365188c1d374d6b07c3c8f240f8ef722433d6a8b'
[    2.612424] Loaded X.509 cert 'Canonical Ltd. Secure Boot Signing (2019): c0746fd6c5da3ae827864651ad66ae47fe24b3e8'
[    2.612435] Loaded X.509 cert 'Canonical Ltd. Secure Boot Signing (2021 v1): a8d54bbb3825cfb94fa13c9f8a594a195c107b8d'
[    2.612445] Loaded X.509 cert 'Canonical Ltd. Secure Boot Signing (2021 v2): 4cf046892d6fd3c9a5b03f98d845f90851dc6a8c'
[    2.612456] Loaded X.509 cert 'Canonical Ltd. Secure Boot Signing (2021 v3): 100437bb6de6e469b581e61cd66bce3ef4ed53af'
[    2.612487] Loaded X.509 cert 'Canonical Ltd. Secure Boot Signing (Ubuntu Core 2019): c1d57b8f6b743f23ee41f4f7ee292f06eecadfb9'
[    2.621725] hub 2-2:1.0: USB hub found
[    2.627669] hub 2-2:1.0: 7 ports detected
[    2.744156] zswap: loaded using pool lzo/zbud
[    2.745268] Key type .fscrypt registered
[    2.745270] Key type fscrypt-provisioning registered
[    2.749234] Key type encrypted registered
[    2.749239] AppArmor: AppArmor sha1 policy hashing enabled
[    2.749290] ima: No TPM chip found, activating TPM-bypass!
[    2.749310] Loading compiled-in module X.509 certificates
[    2.749727] Loaded X.509 cert 'Build time autogenerated kernel key: ef7ab07a80e0892c613d63220f03d2c7d25e3a85'
[    2.749729] ima: Allocated hash algorithm: sha1
[    2.749733] ima: No architecture policies found
[    2.749741] evm: Initialising EVM extended attributes:
[    2.749741] evm: security.selinux
[    2.749742] evm: security.SMACK64
[    2.749743] evm: security.SMACK64EXEC
[    2.749744] evm: security.SMACK64TRANSMUTE
[    2.749744] evm: security.SMACK64MMAP
[    2.749745] evm: security.apparmor
[    2.749745] evm: security.ima
[    2.749746] evm: security.capability
[    2.749746] evm: HMAC attrs: 0x1
[    2.750225] PM:   Magic number: 3:994:983
[    2.750951] RAS: Correctable Errors collector initialized.
[    2.752732] Freeing unused decrypted memory: 2036K
[    2.753250] Freeing unused kernel image (initmem) memory: 3244K
[    2.763098] Write protecting the kernel read-only data: 30720k
[    2.763897] Freeing unused kernel image (text/rodata gap) memory: 2036K
[    2.764331] Freeing unused kernel image (rodata/data gap) memory: 1468K
[    2.805617] x86/mm: Checked W+X mappings: passed, no W+X pages found.
[    2.805625] x86/mm: Checking user space page tables
[    2.845074] x86/mm: Checked W+X mappings: passed, no W+X pages found.
[    2.845082] Run /init as init process
[    2.845084]   with arguments:
[    2.845085]     /init
[    2.845086]     splash
[    2.845087]   with environment:
[    2.845087]     HOME=/
[    2.845088]     TERM=linux
[    2.845089]     BOOT_IMAGE=/boot/vmlinuz-5.15.0-78-generic
[    3.289830] piix4_smbus 0000:00:07.3: SMBus Host Controller not enabled!
[    3.295868] e1000: Intel(R) PRO/1000 Network Driver
[    3.295871] e1000: Copyright (c) 1999-2006 Intel Corporation.
[    3.300467] ahci 0000:02:05.0: version 3.0
[    3.301548] ahci 0000:02:05.0: AHCI 0001.0300 32 slots 30 ports 6 Gbps 0x3fffffff impl SATA mode
[    3.301553] ahci 0000:02:05.0: flags: 64bit ncq clo only 
[    3.309526] Fusion MPT base driver 3.04.20
[    3.309530] Copyright (c) 1999-2008 LSI Corporation
[    3.324858] Fusion MPT SPI Host driver 3.04.20
[    3.331974] hid: raw HID events driver (C) Jiri Kosina
[    3.335583] mptbase: ioc0: Initiating bringup
[    3.338734] usbcore: registered new interface driver usbhid
[    3.338739] usbhid: USB HID core driver
[    3.352957] input: VirtualPS/2 VMware VMMouse as /devices/platform/i8042/serio1/input/input4
[    3.353355] input: VirtualPS/2 VMware VMMouse as /devices/platform/i8042/serio1/input/input3
[    3.443020] ioc0: LSI53C1030 B0: Capabilities={Initiator}
[    3.672374] scsi host2: ahci
[    3.673322] scsi host3: ahci
[    3.674555] scsi host4: ahci
[    3.675460] scsi host5: ahci
[    3.676991] scsi host6: ahci
[    3.677795] scsi host7: ahci
[    3.678809] scsi host8: ahci
[    3.679627] scsi host9: ahci
[    3.680380] scsi host10: ahci
[    3.681075] scsi host11: ahci
[    3.681600] scsi host12: ahci
[    3.682396] scsi host13: ahci
[    3.683875] scsi host14: ahci
[    3.684139] scsi host15: ioc0: LSI53C1030 B0, FwRev=01032920h, Ports=1, MaxQ=128, IRQ=17
[    3.687283] scsi host16: ahci
[    3.688230] scsi host17: ahci
[    3.689297] scsi host18: ahci
[    3.690352] scsi host19: ahci
[    3.691086] scsi host20: ahci
[    3.692160] scsi host21: ahci
[    3.693197] scsi host22: ahci
[    3.694154] scsi host23: ahci
[    3.696329] scsi host24: ahci
[    3.697516] scsi host25: ahci
[    3.698323] scsi host26: ahci
[    3.699131] scsi host27: ahci
[    3.700287] scsi host28: ahci
[    3.703488] scsi host29: ahci
[    3.710507] scsi host30: ahci
[    3.720930] scsi host31: ahci
[    3.721050] e1000 0000:02:01.0 eth0: (PCI:66MHz:32-bit) 00:0c:29:9c:43:2c
[    3.721056] e1000 0000:02:01.0 eth0: Intel(R) PRO/1000 Network Connection
[    3.722080] scsi host32: ahci
[    3.722501] ata3: SATA max UDMA/133 abar m4096@0xfd5ee000 port 0xfd5ee100 irq 56
[    3.722510] ata4: SATA max UDMA/133 abar m4096@0xfd5ee000 port 0xfd5ee180 irq 56
[    3.722512] ata5: SATA max UDMA/133 abar m4096@0xfd5ee000 port 0xfd5ee200 irq 56
[    3.722513] ata6: SATA max UDMA/133 abar m4096@0xfd5ee000 port 0xfd5ee280 irq 56
[    3.722515] ata7: SATA max UDMA/133 abar m4096@0xfd5ee000 port 0xfd5ee300 irq 56
[    3.722517] ata8: SATA max UDMA/133 abar m4096@0xfd5ee000 port 0xfd5ee380 irq 56
[    3.722518] ata9: SATA max UDMA/133 abar m4096@0xfd5ee000 port 0xfd5ee400 irq 56
